Archive member included to satisfy reference by file (symbol)

/home/federico/st/stm32cubeide_1.15.1/plugins/com.st.stm32cube.ide.mcu.externaltools.gnu-tools-for-stm32.12.3.rel1.linux64_1.1.0.202410170702/tools/bin/../lib/gcc/arm-none-eabi/12.3.1/../../../../arm-none-eabi/lib/thumb/v7e-m+dp/hard/libc_nano.a(libc_a-exit.o)
                              /home/federico/st/stm32cubeide_1.15.1/plugins/com.st.stm32cube.ide.mcu.externaltools.gnu-tools-for-stm32.12.3.rel1.linux64_1.1.0.202410170702/tools/bin/../lib/gcc/arm-none-eabi/12.3.1/../../../../arm-none-eabi/lib/thumb/v7e-m+dp/hard/crt0.o (exit)
/home/federico/st/stm32cubeide_1.15.1/plugins/com.st.stm32cube.ide.mcu.externaltools.gnu-tools-for-stm32.12.3.rel1.linux64_1.1.0.202410170702/tools/bin/../lib/gcc/arm-none-eabi/12.3.1/../../../../arm-none-eabi/lib/thumb/v7e-m+dp/hard/libc_nano.a(libc_a-strtol.o)
                              ./Core/Src/freertos.o (strtol)
/home/federico/st/stm32cubeide_1.15.1/plugins/com.st.stm32cube.ide.mcu.externaltools.gnu-tools-for-stm32.12.3.rel1.linux64_1.1.0.202410170702/tools/bin/../lib/gcc/arm-none-eabi/12.3.1/../../../../arm-none-eabi/lib/thumb/v7e-m+dp/hard/libc_nano.a(libc_a-ctype_.o)
                              /home/federico/st/stm32cubeide_1.15.1/plugins/com.st.stm32cube.ide.mcu.externaltools.gnu-tools-for-stm32.12.3.rel1.linux64_1.1.0.202410170702/tools/bin/../lib/gcc/arm-none-eabi/12.3.1/../../../../arm-none-eabi/lib/thumb/v7e-m+dp/hard/libc_nano.a(libc_a-strtol.o) (_ctype_)
/home/federico/st/stm32cubeide_1.15.1/plugins/com.st.stm32cube.ide.mcu.externaltools.gnu-tools-for-stm32.12.3.rel1.linux64_1.1.0.202410170702/tools/bin/../lib/gcc/arm-none-eabi/12.3.1/../../../../arm-none-eabi/lib/thumb/v7e-m+dp/hard/libc_nano.a(libc_a-fflush.o)
                              ./Core/Src/freertos.o (fflush)
/home/federico/st/stm32cubeide_1.15.1/plugins/com.st.stm32cube.ide.mcu.externaltools.gnu-tools-for-stm32.12.3.rel1.linux64_1.1.0.202410170702/tools/bin/../lib/gcc/arm-none-eabi/12.3.1/../../../../arm-none-eabi/lib/thumb/v7e-m+dp/hard/libc_nano.a(libc_a-findfp.o)
                              /home/federico/st/stm32cubeide_1.15.1/plugins/com.st.stm32cube.ide.mcu.externaltools.gnu-tools-for-stm32.12.3.rel1.linux64_1.1.0.202410170702/tools/bin/../lib/gcc/arm-none-eabi/12.3.1/../../../../arm-none-eabi/lib/thumb/v7e-m+dp/hard/libc_nano.a(libc_a-fflush.o) (__sglue)
/home/federico/st/stm32cubeide_1.15.1/plugins/com.st.stm32cube.ide.mcu.externaltools.gnu-tools-for-stm32.12.3.rel1.linux64_1.1.0.202410170702/tools/bin/../lib/gcc/arm-none-eabi/12.3.1/../../../../arm-none-eabi/lib/thumb/v7e-m+dp/hard/libc_nano.a(libc_a-fwalk.o)
                              /home/federico/st/stm32cubeide_1.15.1/plugins/com.st.stm32cube.ide.mcu.externaltools.gnu-tools-for-stm32.12.3.rel1.linux64_1.1.0.202410170702/tools/bin/../lib/gcc/arm-none-eabi/12.3.1/../../../../arm-none-eabi/lib/thumb/v7e-m+dp/hard/libc_nano.a(libc_a-fflush.o) (_fwalk_sglue)
/home/federico/st/stm32cubeide_1.15.1/plugins/com.st.stm32cube.ide.mcu.externaltools.gnu-tools-for-stm32.12.3.rel1.linux64_1.1.0.202410170702/tools/bin/../lib/gcc/arm-none-eabi/12.3.1/../../../../arm-none-eabi/lib/thumb/v7e-m+dp/hard/libc_nano.a(libc_a-printf.o)
                              ./Core/Src/can.o (printf)
/home/federico/st/stm32cubeide_1.15.1/plugins/com.st.stm32cube.ide.mcu.externaltools.gnu-tools-for-stm32.12.3.rel1.linux64_1.1.0.202410170702/tools/bin/../lib/gcc/arm-none-eabi/12.3.1/../../../../arm-none-eabi/lib/thumb/v7e-m+dp/hard/libc_nano.a(libc_a-puts.o)
                              ./Core/Src/can.o (puts)
/home/federico/st/stm32cubeide_1.15.1/plugins/com.st.stm32cube.ide.mcu.externaltools.gnu-tools-for-stm32.12.3.rel1.linux64_1.1.0.202410170702/tools/bin/../lib/gcc/arm-none-eabi/12.3.1/../../../../arm-none-eabi/lib/thumb/v7e-m+dp/hard/libc_nano.a(libc_a-scanf.o)
                              ./Core/Src/freertos.o (scanf)
/home/federico/st/stm32cubeide_1.15.1/plugins/com.st.stm32cube.ide.mcu.externaltools.gnu-tools-for-stm32.12.3.rel1.linux64_1.1.0.202410170702/tools/bin/../lib/gcc/arm-none-eabi/12.3.1/../../../../arm-none-eabi/lib/thumb/v7e-m+dp/hard/libc_nano.a(libc_a-stdio.o)
                              /home/federico/st/stm32cubeide_1.15.1/plugins/com.st.stm32cube.ide.mcu.externaltools.gnu-tools-for-stm32.12.3.rel1.linux64_1.1.0.202410170702/tools/bin/../lib/gcc/arm-none-eabi/12.3.1/../../../../arm-none-eabi/lib/thumb/v7e-m+dp/hard/libc_nano.a(libc_a-findfp.o) (__sread)
/home/federico/st/stm32cubeide_1.15.1/plugins/com.st.stm32cube.ide.mcu.externaltools.gnu-tools-for-stm32.12.3.rel1.linux64_1.1.0.202410170702/tools/bin/../lib/gcc/arm-none-eabi/12.3.1/../../../../arm-none-eabi/lib/thumb/v7e-m+dp/hard/libc_nano.a(libc_a-wbuf.o)
[...]
Memory Configuration

Name             Origin             Length             Attributes
RAM              0x20000000         0x00080000         xrw
FLASH            0x08000000         0x00200000         xr
*default*        0x00000000         0xffffffff

Linker script and memory map

LOAD /home/federico/st/stm32cubeide_1.15.1/plugins/com.st.stm32cube.ide.mcu.externaltools.gnu-tools-for-stm32.12.3.rel1.linux64_1.1.0.202410170702/tools/bin/../lib/gcc/arm-none-eabi/12.3.1/thumb/v7e-m+dp/hard/crti.o
LOAD /home/federico/st/stm32cubeide_1.15.1/plugins/com.st.stm32cube.ide.mcu.externaltools.gnu-tools-for-stm32.12.3.rel1.linux64_1.1.0.202410170702/tools/bin/../lib/gcc/arm-none-eabi/12.3.1/thumb/v7e-m+dp/hard/crtbegin.o
LOAD /home/federico/st/stm32cubeide_1.15.1/plugins/com.st.stm32cube.ide.mcu.externaltools.gnu-tools-for-stm32.12.3.rel1.linux64_1.1.0.202410170702/tools/bin/../lib/gcc/arm-none-eabi/12.3.1/../../../../arm-none-eabi/lib/thumb/v7e-m+dp/hard/crt0.o
LOAD ./Core/Src/can.o
LOAD ./Core/Src/dma.o
LOAD ./Core/Src/freertos.o
LOAD ./Core/Src/gpio.o
LOAD ./Core/Src/main.o
LOAD ./Core/Src/stm32f7xx_hal_msp.o
LOAD ./Core/Src/stm32f7xx_hal_timebase_tim.o
LOAD ./Core/Src/stm32f7xx_it.o
LOAD ./Core/Src/syscalls.o
LOAD ./Core/Src/sysmem.o
LOAD ./Core/Src/system_stm32f7xx.o
LOAD ./Core/Src/usart.o
LOAD ./Core/Startup/startup_stm32f767zitx.o
LOAD ./Drivers/STM32F7xx_HAL_Driver/Src/stm32f7xx_hal.o
LOAD ./Drivers/STM32F7xx_HAL_Driver/Src/stm32f7xx_hal_can.o
LOAD ./Drivers/STM32F7xx_HAL_Driver/Src/stm32f7xx_hal_cortex.o
LOAD ./Drivers/STM32F7xx_HAL_Driver/Src/stm32f7xx_hal_dma.o
LOAD ./Drivers/STM32F7xx_HAL_Driver/Src/stm32f7xx_hal_dma_ex.o
LOAD ./Drivers/STM32F7xx_HAL_Driver/Src/stm32f7xx_hal_exti.o
LOAD ./Drivers/STM32F7xx_HAL_Driver/Src/stm32f7xx_hal_flash.o
LOAD ./Drivers/STM32F7xx_HAL_Driver/Src/stm32f7xx_hal_flash_ex.o
LOAD ./Drivers/STM32F7xx_HAL_Driver/Src/stm32f7xx_hal_gpio.o
LOAD ./Drivers/STM32F7xx_HAL_Driver/Src/stm32f7xx_hal_i2c.o
LOAD ./Drivers/STM32F7xx_HAL_Driver/Src/stm32f7xx_hal_i2c_ex.o
LOAD ./Drivers/STM32F7xx_HAL_Driver/Src/stm32f7xx_hal_pwr.o
LOAD ./Drivers/STM32F7xx_HAL_Driver/Src/stm32f7xx_hal_pwr_ex.o
LOAD ./Drivers/STM32F7xx_HAL_Driver/Src/stm32f7xx_hal_rcc.o
LOAD ./Drivers/STM32F7xx_HAL_Driver/Src/stm32f7xx_hal_rcc_ex.o
LOAD ./Drivers/STM32F7xx_HAL_Driver/Src/stm32f7xx_hal_tim.o
LOAD ./Drivers/STM32F7xx_HAL_Driver/Src/stm32f7xx_hal_tim_ex.o
LOAD ./Drivers/STM32F7xx_HAL_Driver/Src/stm32f7xx_hal_uart.o
LOAD ./Drivers/STM32F7xx_HAL_Driver/Src/stm32f7xx_hal_uart_ex.o
LOAD ./Middlewares/Third_Party/FreeRTOS/Source/CMSIS_RTOS_V2/cmsis_os2.o
LOAD ./Middlewares/Third_Party/FreeRTOS/Source/croutine.o
LOAD ./Middlewares/Third_Party/FreeRTOS/Source/event_groups.o
LOAD ./Middlewares/Third_Party/FreeRTOS/Source/list.o
LOAD ./Middlewares/Third_Party/FreeRTOS/Source/queue.o
LOAD ./Middlewares/Third_Party/FreeRTOS/Source/stream_buffer.o
LOAD ./Middlewares/Third_Party/FreeRTOS/Source/tasks.o
LOAD ./Middlewares/Third_Party/FreeRTOS/Source/timers.o
LOAD ./Middlewares/Third_Party/FreeRTOS/Source/portable/GCC/ARM_CM7/r0p1/port.o
LOAD ./Middlewares/Third_Party/FreeRTOS/Source/portable/MemMang/heap_4.o
START GROUP
LOAD /home/federico/st/stm32cubeide_1.15.1/plugins/com.st.stm32cube.ide.mcu.externaltools.gnu-tools-for-stm32.12.3.rel1.linux64_1.1.0.202410170702/tools/bin/../lib/gcc/arm-none-eabi/12.3.1/../../../../arm-none-eabi/lib/thumb/v7e-m+dp/hard/libc_nano.a
LOAD /home/federico/st/stm32cubeide_1.15.1/plugins/com.st.stm32cube.ide.mcu.externaltools.gnu-tools-for-stm32.12.3.rel1.linux64_1.1.0.202410170702/tools/bin/../lib/gcc/arm-none-eabi/12.3.1/../../../../arm-none-eabi/lib/thumb/v7e-m+dp/hard/libm.a
END GROUP
START GROUP
LOAD /home/federico/st/stm32cubeide_1.15.1/plugins/com.st.stm32cube.ide.mcu.externaltools.gnu-tools-for-stm32.12.3.rel1.linux64_1.1.0.202410170702/tools/bin/../lib/gcc/arm-none-eabi/12.3.1/thumb/v7e-m+dp/hard/libgcc.a
LOAD /home/federico/st/stm32cubeide_1.15.1/plugins/com.st.stm32cube.ide.mcu.externaltools.gnu-tools-for-stm32.12.3.rel1.linux64_1.1.0.202410170702/tools/bin/../lib/gcc/arm-none-eabi/12.3.1/../../../../arm-none-eabi/lib/thumb/v7e-m+dp/hard/libc_nano.a
END GROUP
START GROUP
LOAD /home/federico/st/stm32cubeide_1.15.1/plugins/com.st.stm32cube.ide.mcu.externaltools.gnu-tools-for-stm32.12.3.rel1.linux64_1.1.0.202410170702/tools/bin/../lib/gcc/arm-none-eabi/12.3.1/thumb/v7e-m+dp/hard/libgcc.a
LOAD /home/federico/st/stm32cubeide_1.15.1/plugins/com.st.stm32cube.ide.mcu.externaltools.gnu-tools-for-stm32.12.3.rel1.linux64_1.1.0.202410170702/tools/bin/../lib/gcc/arm-none-eabi/12.3.1/../../../../arm-none-eabi/lib/thumb/v7e-m+dp/hard/libc_nano.a
LOAD /home/federico/st/stm32cubeide_1.15.1/plugins/com.st.stm32cube.ide.mcu.externaltools.gnu-tools-for-stm32.12.3.rel1.linux64_1.1.0.202410170702/tools/bin/../lib/gcc/arm-none-eabi/12.3.1/../../../../arm-none-eabi/lib/thumb/v7e-m+dp/hard/libnosys.a
END GROUP
START GROUP
LOAD /home/federico/st/stm32cubeide_1.15.1/plugins/com.st.stm32cube.ide.mcu.externaltools.gnu-tools-for-stm32.12.3.rel1.linux64_1.1.0.202410170702/tools/bin/../lib/gcc/arm-none-eabi/12.3.1/thumb/v7e-m+dp/hard/libgcc.a
LOAD /home/federico/st/stm32cubeide_1.15.1/plugins/com.st.stm32cube.ide.mcu.externaltools.gnu-tools-for-stm32.12.3.rel1.linux64_1.1.0.202410170702/tools/bin/../lib/gcc/arm-none-eabi/12.3.1/../../../../arm-none-eabi/lib/thumb/v7e-m+dp/hard/libc_nano.a
LOAD /home/federico/st/stm32cubeide_1.15.1/plugins/com.st.stm32cube.ide.mcu.externaltools.gnu-tools-for-stm32.12.3.rel1.linux64_1.1.0.202410170702/tools/bin/../lib/gcc/arm-none-eabi/12.3.1/../../../../arm-none-eabi/lib/thumb/v7e-m+dp/hard/libnosys.a
END GROUP
LOAD /home/federico/st/stm32cubeide_1.15.1/plugins/com.st.stm32cube.ide.mcu.externaltools.gnu-tools-for-stm32.12.3.rel1.linux64_1.1.0.202410170702/tools/bin/../lib/gcc/arm-none-eabi/12.3.1/thumb/v7e-m+dp/hard/crtend.o
LOAD /home/federico/st/stm32cubeide_1.15.1/plugins/com.st.stm32cube.ide.mcu.externaltools.gnu-tools-for-stm32.12.3.rel1.linux64_1.1.0.202410170702/tools/bin/../lib/gcc/arm-none-eabi/12.3.1/thumb/v7e-m+dp/hard/crtn.o
                0x20080000                        _estack = (ORIGIN (RAM) + LENGTH (RAM))
                0x00000200                        _Min_Heap_Size = 0x200
                0x00000400                        _Min_Stack_Size = 0x400

.isr_vector     0x08000000      0x1f8
                0x08000000                        . = ALIGN (0x4)
 *(.isr_vector)
 .isr_vector    0x08000000      0x1f8 ./Core/Startup/startup_stm32f767zitx.o
                0x08000000                g_pfnVectors
                0x080001f8                        . = ALIGN (0x4)

.text           0x08000200     0x97b4
                0x08000200                        . = ALIGN (0x4)
 *(.text)
 .text          0x08000200       0x40 /home/federico/st/stm32cubeide_1.15.1/plugins/com.st.stm32cube.ide.mcu.externaltools.gnu-tools-for-stm32.12.3.rel1.linux64_1.1.0.202410170702/tools/bin/../lib/gcc/arm-none-eabi/12.3.1/thumb/v7e-m+dp/hard/crtbegin.o
 .text          0x08000240       0xa0 /home/federico/st/stm32cubeide_1.15.1/plugins/com.st.stm32cube.ide.mcu.externaltools.gnu-tools-for-stm32.12.3.rel1.linux64_1.1.0.202410170702/tools/bin/../lib/gcc/arm-none-eabi/12.3.1/../../../../arm-none-eabi/lib/thumb/v7e-m+dp/hard/libc_nano.a(libc_a-memchr.o)
                0x08000240                memchr
 .text          0x080002e0       0x30 /home/federico/st/stm32cubeide_1.15.1/plugins/com.st.stm32cube.ide.mcu.externaltools.gnu-tools-for-stm32.12.3.rel1.linux64_1.1.0.202410170702/tools/bin/../lib/gcc/arm-none-eabi/12.3.1/thumb/v7e-m+dp/hard/libgcc.a(_aeabi_uldivmod.o)
                0x080002e0                __aeabi_uldivmod
 .text          0x08000310      0x2bc /home/federico/st/stm32cubeide_1.15.1/plugins/com.st.stm32cube.ide.mcu.externaltools.gnu-tools-for-stm32.12.3.rel1.linux64_1.1.0.202410170702/tools/bin/../lib/gcc/arm-none-eabi/12.3.1/thumb/v7e-m+dp/hard/libgcc.a(_udivmoddi4.o)
                0x08000310                __udivmoddi4
 .text          0x080005cc        0x4 /home/federico/st/stm32cubeide_1.15.1/plugins/com.st.stm32cube.ide.mcu.externaltools.gnu-tools-for-stm32.12.3.rel1.linux64_1.1.0.202410170702/tools/bin/../lib/gcc/arm-none-eabi/12.3.1/thumb/v7e-m+dp/hard/libgcc.a(_dvmd_tls.o)
                0x080005cc                __aeabi_ldiv0
                0x080005cc                __aeabi_idiv0
 *(.text*)
 .text.CAN_SendFrame_Std
                0x080005d0      0x104 ./Core/Src/can.o
                0x080005d0                CAN_SendFrame_Std
 .text.MX_CAN1_Init
                0x080006d4       0xc8 ./Core/Src/can.o
                0x080006d4                MX_CAN1_Init
 .text.HAL_CAN_MspInit
                0x0800079c       0xbc ./Core/Src/can.o
                0x0800079c                HAL_CAN_MspInit
 .text.HAL_CAN_RxFifo0MsgPendingCallback
                0x08000858       0x80 ./Core/Src/can.o
                0x08000858                HAL_CAN_RxFifo0MsgPendingCallback
 .text.MX_DMA_Init
                0x080008d8       0x4c ./Core/Src/dma.o
                0x080008d8                MX_DMA_Init
 .text.MX_FREERTOS_Init
                0x08000924       0x40 ./Core/Src/freertos.o
                0x08000924                MX_FREERTOS_Init
 .text.convertHexStringToBytes
                0x08000964       0xf0 ./Core/Src/freertos.o
                0x08000964                convertHexStringToBytes
 .text.StartDefaultTask
                0x08000a54      0x1ec ./Core/Src/freertos.o
                0x08000a54                StartDefaultTask
 .text.MX_GPIO_Init
                0x08000c40       0xd8 ./Core/Src/gpio.o
                0x08000c40                MX_GPIO_Init
 .text.main     0x08000d18       0x5c ./Core/Src/main.o
                0x08000d18                main
 .text.SystemClock_Config
                0x08000d74       0xe0 ./Core/Src/main.o
                0x08000d74                SystemClock_Config
 .text.MPU_Config
                0x08000e54       0x58 ./Core/Src/main.o
 .text.HAL_TIM_PeriodElapsedCallback
                0x08000eac       0x24 ./Core/Src/main.o
                0x08000eac                HAL_TIM_PeriodElapsedCallback
 .text.Error_Handler
                0x08000ed0        0xc ./Core/Src/main.o
                0x08000ed0                Error_Handler
 .text.HAL_MspInit
                0x08000edc       0x50 ./Core/Src/stm32f7xx_hal_msp.o
                0x08000edc                HAL_MspInit
 .text.HAL_InitTick
                0x08000f2c       0xe4 ./Core/Src/stm32f7xx_hal_timebase_tim.o
                0x08000f2c                HAL_InitTick
 .text.NMI_Handler
                0x08001010        0x8 ./Core/Src/stm32f7xx_it.o
                0x08001010                NMI_Handler
 .text.HardFault_Handler
                0x08001018        0x8 ./Core/Src/stm32f7xx_it.o
                0x08001018                HardFault_Handler
 .text.MemManage_Handler
                0x08001020        0x8 ./Core/Src/stm32f7xx_it.o
                0x08001020                MemManage_Handler
 .text.BusFault_Handler
                0x08001028        0x8 ./Core/Src/stm32f7xx_it.o
                0x08001028                BusFault_Handler
 .text.UsageFault_Handler
                0x08001030        0x8 ./Core/Src/stm32f7xx_it.o
                0x08001030                UsageFault_Handler
 .text.DebugMon_Handler
                0x08001038        0xe ./Core/Src/stm32f7xx_it.o
                0x08001038                DebugMon_Handler
 *fill*         0x08001046        0x2 
 .text.DMA1_Stream1_IRQHandler
                0x08001048       0x14 ./Core/Src/stm32f7xx_it.o
                0x08001048                DMA1_Stream1_IRQHandler
 .text.DMA1_Stream3_IRQHandler
                0x0800105c       0x14 ./Core/Src/stm32f7xx_it.o
                0x0800105c                DMA1_Stream3_IRQHandler
 .text.CAN1_RX0_IRQHandler
                0x08001070       0x14 ./Core/Src/stm32f7xx_it.o
                0x08001070                CAN1_RX0_IRQHandler
 .text.TIM1_UP_TIM10_IRQHandler
                0x08001084       0x14 ./Core/Src/stm32f7xx_it.o
                0x08001084                TIM1_UP_TIM10_IRQHandler
 .text._write   0x08001098       0x5c ./Core/Src/syscalls.o
                0x08001098                _write
 .text._read    0x080010f4       0xf4 ./Core/Src/syscalls.o
                0x080010f4                _read
 .text._close   0x080011e8       0x18 ./Core/Src/syscalls.o
                0x080011e8                _close
 .text._fstat   0x08001200       0x20 ./Core/Src/syscalls.o
                0x08001200                _fstat
 .text._isatty  0x08001220       0x16 ./Core/Src/syscalls.o
                0x08001220                _isatty
 .text._lseek   0x08001236       0x1a ./Core/Src/syscalls.o
                0x08001236                _lseek
 .text._sbrk    0x08001250       0x6c ./Core/Src/sysmem.o
                0x08001250                _sbrk
 .text.SystemInit
                0x080012bc       0x24 ./Core/Src/system_stm32f7xx.o
                0x080012bc                SystemInit
 .text.MX_USART3_UART_Init
                0x080012e0       0x60 ./Core/Src/usart.o
                0x080012e0                MX_USART3_UART_Init
 .text.HAL_UART_MspInit
                0x08001340      0x18c ./Core/Src/usart.o
                0x08001340                HAL_UART_MspInit
 .text.Reset_Handler
                0x080014cc       0x50 ./Core/Startup/startup_stm32f767zitx.o
                0x080014cc                Reset_Handler
 .text.Default_Handler
                0x0800151c        0x2 ./Core/Startup/startup_stm32f767zitx.o
                0x0800151c                RTC_Alarm_IRQHandler
                0x0800151c                EXTI2_IRQHandler
                0x0800151c                TIM8_CC_IRQHandler
                0x0800151c                UART8_IRQHandler
                0x0800151c                SPI4_IRQHandler
                0x0800151c                TIM1_CC_IRQHandler
                0x0800151c                DMA2_Stream5_IRQHandler
                0x0800151c                JPEG_IRQHandler
                0x0800151c                DMA1_Stream5_IRQHandler
                0x0800151c                CAN3_RX1_IRQHandler
                0x0800151c                PVD_IRQHandler
                0x0800151c                TAMP_STAMP_IRQHandler
                0x0800151c                CAN2_RX1_IRQHandler
                0x0800151c                EXTI3_IRQHandler
                0x0800151c                TIM8_TRG_COM_TIM14_IRQHandler
                0x0800151c                DFSDM1_FLT1_IRQHandler
                0x0800151c                TIM8_UP_TIM13_IRQHandler
                0x0800151c                I2C3_ER_IRQHandler
                0x0800151c                DFSDM1_FLT2_IRQHandler
                0x0800151c                EXTI0_IRQHandler
                0x0800151c                I2C2_EV_IRQHandler
                0x0800151c                DMA1_Stream2_IRQHandler
                0x0800151c                FPU_IRQHandler
                0x0800151c                OTG_HS_WKUP_IRQHandler
                0x0800151c                CAN3_SCE_IRQHandler
                0x0800151c                LTDC_ER_IRQHandler
                0x0800151c                CAN2_SCE_IRQHandler
                0x0800151c                DMA2_Stream2_IRQHandler
                0x0800151c                SPI1_IRQHandler
                0x0800151c                TIM6_DAC_IRQHandler
                0x0800151c                TIM1_BRK_TIM9_IRQHandler
                0x0800151c                DCMI_IRQHandler
                0x0800151c                CAN2_RX0_IRQHandler
                0x0800151c                DMA2_Stream3_IRQHandler
                0x0800151c                SAI2_IRQHandler
                0x0800151c                DFSDM1_FLT3_IRQHandler
                0x0800151c                USART6_IRQHandler
                0x0800151c                CAN3_RX0_IRQHandler
                0x0800151c                USART3_IRQHandler
                0x0800151c                CAN1_RX1_IRQHandler
                0x0800151c                UART5_IRQHandler
                0x0800151c                DMA2_Stream0_IRQHandler
                0x0800151c                TIM4_IRQHandler
                0x0800151c                QUADSPI_IRQHandler
                0x0800151c                I2C1_EV_IRQHandler
                0x0800151c                DMA1_Stream6_IRQHandler
                0x0800151c                UART4_IRQHandler
                0x0800151c                TIM3_IRQHandler
                0x0800151c                RCC_IRQHandler
                0x0800151c                TIM8_BRK_TIM12_IRQHandler
                0x0800151c                Default_Handler
                0x0800151c                CEC_IRQHandler
                0x0800151c                EXTI15_10_IRQHandler
                0x0800151c                ADC_IRQHandler
                0x0800151c                DMA1_Stream7_IRQHandler
                0x0800151c                SPI5_IRQHandler
                0x0800151c                TIM7_IRQHandler
                0x0800151c                SDMMC1_IRQHandler
                0x0800151c                CAN2_TX_IRQHandler
                0x0800151c                TIM5_IRQHandler
                0x0800151c                DMA2_Stream7_IRQHandler
                0x0800151c                I2C3_EV_IRQHandler
                0x0800151c                EXTI9_5_IRQHandler
                0x0800151c                RTC_WKUP_IRQHandler
                0x0800151c                LTDC_IRQHandler
                0x0800151c                ETH_WKUP_IRQHandler
                0x0800151c                SPDIF_RX_IRQHandler
                0x0800151c                SPI2_IRQHandler
                0x0800151c                OTG_HS_EP1_IN_IRQHandler
                0x0800151c                DMA1_Stream0_IRQHandler
                0x0800151c                CAN1_TX_IRQHandler
                0x0800151c                EXTI4_IRQHandler
                0x0800151c                RNG_IRQHandler
                0x0800151c                ETH_IRQHandler
                0x0800151c                OTG_HS_EP1_OUT_IRQHandler
                0x0800151c                WWDG_IRQHandler
                0x0800151c                SPI6_IRQHandler
                0x0800151c                MDIOS_IRQHandler
                0x0800151c                I2C4_EV_IRQHandler
                0x0800151c                CAN3_TX_IRQHandler
                0x0800151c                TIM2_IRQHandler
                0x0800151c                OTG_FS_WKUP_IRQHandler
                0x0800151c                TIM1_TRG_COM_TIM11_IRQHandler
                0x0800151c                OTG_HS_IRQHandler
                0x0800151c                DMA2D_IRQHandler
                0x0800151c                EXTI1_IRQHandler
                0x0800151c                SDMMC2_IRQHandler
                0x0800151c                UART7_IRQHandler
                0x0800151c                USART2_IRQHandler
                0x0800151c                DFSDM1_FLT0_IRQHandler
                0x0800151c                I2C2_ER_IRQHandler
                0x0800151c                DMA2_Stream1_IRQHandler
                0x0800151c                CAN1_SCE_IRQHandler
                0x0800151c                FLASH_IRQHandler
                0x0800151c                DMA2_Stream4_IRQHandler
                0x0800151c                USART1_IRQHandler
                0x0800151c                OTG_FS_IRQHandler
                0x0800151c                SPI3_IRQHandler
                0x0800151c                DMA1_Stream4_IRQHandler
                0x0800151c                I2C1_ER_IRQHandler
                0x0800151c                FMC_IRQHandler
                0x0800151c                LPTIM1_IRQHandler
                0x0800151c                I2C4_ER_IRQHandler
                0x0800151c                DMA2_Stream6_IRQHandler
                0x0800151c                SAI1_IRQHandler
 .text.HAL_Init
                0x0800151e       0x1a ./Drivers/STM32F7xx_HAL_Driver/Src/stm32f7xx_hal.o
                0x0800151e                HAL_Init
 .text.HAL_IncTick
                0x08001538       0x28 ./Drivers/STM32F7xx_HAL_Driver/Src/stm32f7xx_hal.o
                0x08001538                HAL_IncTick
 .text.HAL_GetTick
                0x08001560       0x18 ./Drivers/STM32F7xx_HAL_Driver/Src/stm32f7xx_hal.o
                0x08001560                HAL_GetTick
 .text.HAL_Delay
                0x08001578       0x48 ./Drivers/STM32F7xx_HAL_Driver/Src/stm32f7xx_hal.o
                0x08001578                HAL_Delay
 .text.HAL_CAN_Init
                0x080015c0      0x1f6 ./Drivers/STM32F7xx_HAL_Driver/Src/stm32f7xx_hal_can.o
                0x080015c0                HAL_CAN_Init
 *fill*         0x080017b6        0x2 
 .text.HAL_CAN_ConfigFilter
                0x080017b8      0x1d8 ./Drivers/STM32F7xx_HAL_Driver/Src/stm32f7xx_hal_can.o
                0x080017b8                HAL_CAN_ConfigFilter
 .text.HAL_CAN_Start
                0x08001990       0x88 ./Drivers/STM32F7xx_HAL_Driver/Src/stm32f7xx_hal_can.o
                0x08001990                HAL_CAN_Start
 .text.HAL_CAN_AddTxMessage
                0x08001a18      0x1a0 ./Drivers/STM32F7xx_HAL_Driver/Src/stm32f7xx_hal_can.o
                0x08001a18                HAL_CAN_AddTxMessage
 .text.HAL_CAN_GetRxMessage
                0x08001bb8      0x244 ./Drivers/STM32F7xx_HAL_Driver/Src/stm32f7xx_hal_can.o
                0x08001bb8                HAL_CAN_GetRxMessage
 .text.HAL_CAN_ActivateNotification
                0x08001dfc       0x4c ./Drivers/STM32F7xx_HAL_Driver/Src/stm32f7xx_hal_can.o
                0x08001dfc                HAL_CAN_ActivateNotification
 .text.HAL_CAN_IRQHandler
                0x08001e48      0x36e ./Drivers/STM32F7xx_HAL_Driver/Src/stm32f7xx_hal_can.o
                0x08001e48                HAL_CAN_IRQHandler
 .text.HAL_CAN_TxMailbox0CompleteCallback
                0x080021b6       0x14 ./Drivers/STM32F7xx_HAL_Driver/Src/stm32f7xx_hal_can.o
                0x080021b6                HAL_CAN_TxMailbox0CompleteCallback
 .text.HAL_CAN_TxMailbox1CompleteCallback
                0x080021ca       0x14 ./Drivers/STM32F7xx_HAL_Driver/Src/stm32f7xx_hal_can.o
                0x080021ca                HAL_CAN_TxMailbox1CompleteCallback
 .text.HAL_CAN_TxMailbox2CompleteCallback
                0x080021de       0x14 ./Drivers/STM32F7xx_HAL_Driver/Src/stm32f7xx_hal_can.o
                0x080021de                HAL_CAN_TxMailbox2CompleteCallback
 .text.HAL_CAN_TxMailbox0AbortCallback
                0x080021f2       0x14 ./Drivers/STM32F7xx_HAL_Driver/Src/stm32f7xx_hal_can.o
                0x080021f2                HAL_CAN_TxMailbox0AbortCallback
 .text.HAL_CAN_TxMailbox1AbortCallback
                0x08002206       0x14 ./Drivers/STM32F7xx_HAL_Driver/Src/stm32f7xx_hal_can.o
                0x08002206                HAL_CAN_TxMailbox1AbortCallback
 .text.HAL_CAN_TxMailbox2AbortCallback
                0x0800221a       0x14 ./Drivers/STM32F7xx_HAL_Driver/Src/stm32f7xx_hal_can.o
                0x0800221a                HAL_CAN_TxMailbox2AbortCallback
 .text.HAL_CAN_RxFifo0FullCallback
                0x0800222e       0x14 ./Drivers/STM32F7xx_HAL_Driver/Src/stm32f7xx_hal_can.o
                0x0800222e                HAL_CAN_RxFifo0FullCallback
 .text.HAL_CAN_RxFifo1MsgPendingCallback
                0x08002242       0x14 ./Drivers/STM32F7xx_HAL_Driver/Src/stm32f7xx_hal_can.o
                0x08002242                HAL_CAN_RxFifo1MsgPendingCallback
 .text.HAL_CAN_RxFifo1FullCallback
                0x08002256       0x14 ./Drivers/STM32F7xx_HAL_Driver/Src/stm32f7xx_hal_can.o
                0x08002256                HAL_CAN_RxFifo1FullCallback
 .text.HAL_CAN_SleepCallback
                0x0800226a       0x14 ./Drivers/STM32F7xx_HAL_Driver/Src/stm32f7xx_hal_can.o
                0x0800226a                HAL_CAN_SleepCallback
 .text.HAL_CAN_WakeUpFromRxMsgCallback
                0x0800227e       0x14 ./Drivers/STM32F7xx_HAL_Driver/Src/stm32f7xx_hal_can.o
                0x0800227e                HAL_CAN_WakeUpFromRxMsgCallback
 .text.HAL_CAN_ErrorCallback
                0x08002292       0x14 ./Drivers/STM32F7xx_HAL_Driver/Src/stm32f7xx_hal_can.o
                0x08002292                HAL_CAN_ErrorCallback
 *fill*         0x080022a6        0x2 
 .text.__NVIC_SetPriorityGrouping
                0x080022a8       0x48 ./Drivers/STM32F7xx_HAL_Driver/Src/stm32f7xx_hal_cortex.o
 .text.__NVIC_GetPriorityGrouping
                0x080022f0       0x1c ./Drivers/STM32F7xx_HAL_Driver/Src/stm32f7xx_hal_cortex.o
 .text.__NVIC_EnableIRQ
                0x0800230c       0x3c ./Drivers/STM32F7xx_HAL_Driver/Src/stm32f7xx_hal_cortex.o
 .text.__NVIC_SetPriority
                0x08002348       0x54 ./Drivers/STM32F7xx_HAL_Driver/Src/stm32f7xx_hal_cortex.o
 .text.NVIC_EncodePriority
                0x0800239c       0x66 ./Drivers/STM32F7xx_HAL_Driver/Src/stm32f7xx_hal_cortex.o
 .text.HAL_NVIC_SetPriorityGrouping
                0x08002402       0x16 ./Drivers/STM32F7xx_HAL_Driver/Src/stm32f7xx_hal_cortex.o
                0x08002402                HAL_NVIC_SetPriorityGrouping
 .text.HAL_NVIC_SetPriority
                0x08002418       0x38 ./Drivers/STM32F7xx_HAL_Driver/Src/stm32f7xx_hal_cortex.o
                0x08002418                HAL_NVIC_SetPriority
 .text.HAL_NVIC_EnableIRQ
                0x08002450       0x1c ./Drivers/STM32F7xx_HAL_Driver/Src/stm32f7xx_hal_cortex.o
                0x08002450                HAL_NVIC_EnableIRQ
 .text.HAL_MPU_Disable
                0x0800246c       0x30 ./Drivers/STM32F7xx_HAL_Driver/Src/stm32f7xx_hal_cortex.o
                0x0800246c                HAL_MPU_Disable
 .text.HAL_MPU_Enable
                0x0800249c       0x40 ./Drivers/STM32F7xx_HAL_Driver/Src/stm32f7xx_hal_cortex.o
                0x0800249c                HAL_MPU_Enable
 .text.HAL_MPU_ConfigRegion
                0x080024dc       0x80 ./Drivers/STM32F7xx_HAL_Driver/Src/stm32f7xx_hal_cortex.o
                0x080024dc                HAL_MPU_ConfigRegion
 .text.HAL_DMA_Init
                0x0800255c      0x15c ./Drivers/STM32F7xx_HAL_Driver/Src/stm32f7xx_hal_dma.o
                0x0800255c                HAL_DMA_Init
 .text.HAL_DMA_IRQHandler
                0x080026b8      0x314 ./Drivers/STM32F7xx_HAL_Driver/Src/stm32f7xx_hal_dma.o
                0x080026b8                HAL_DMA_IRQHandler
 .text.DMA_CalcBaseAndBitshift
                0x080029cc       0x6c ./Drivers/STM32F7xx_HAL_Driver/Src/stm32f7xx_hal_dma.o
 .text.DMA_CheckFifoParam
                0x08002a38       0xf8 ./Drivers/STM32F7xx_HAL_Driver/Src/stm32f7xx_hal_dma.o
 .text.HAL_GPIO_Init
                0x08002b30      0x358 ./Drivers/STM32F7xx_HAL_Driver/Src/stm32f7xx_hal_gpio.o
                0x08002b30                HAL_GPIO_Init
 .text.HAL_GPIO_WritePin
                0x08002e88       0x32 ./Drivers/STM32F7xx_HAL_Driver/Src/stm32f7xx_hal_gpio.o
                0x08002e88                HAL_GPIO_WritePin
 *fill*         0x08002eba        0x2 
 .text.HAL_PWREx_EnableOverDrive
                0x08002ebc       0xa0 ./Drivers/STM32F7xx_HAL_Driver/Src/stm32f7xx_hal_pwr_ex.o
                0x08002ebc                HAL_PWREx_EnableOverDrive
 .text.HAL_RCC_OscConfig
                0x08002f5c      0x55c ./Drivers/STM32F7xx_HAL_Driver/Src/stm32f7xx_hal_rcc.o
                0x08002f5c                HAL_RCC_OscConfig
 .text.HAL_RCC_ClockConfig
                0x080034b8      0x1d8 ./Drivers/STM32F7xx_HAL_Driver/Src/stm32f7xx_hal_rcc.o
                0x080034b8                HAL_RCC_ClockConfig
 .text.HAL_RCC_GetSysClockFreq
                0x08003690      0x20c ./Drivers/STM32F7xx_HAL_Driver/Src/stm32f7xx_hal_rcc.o
                0x08003690                HAL_RCC_GetSysClockFreq
 .text.HAL_RCC_GetHCLKFreq
                0x0800389c       0x18 ./Drivers/STM32F7xx_HAL_Driver/Src/stm32f7xx_hal_rcc.o
                0x0800389c                HAL_RCC_GetHCLKFreq
 .text.HAL_RCC_GetPCLK1Freq
                0x080038b4       0x28 ./Drivers/STM32F7xx_HAL_Driver/Src/stm32f7xx_hal_rcc.o
                0x080038b4                HAL_RCC_GetPCLK1Freq
 .text.HAL_RCC_GetPCLK2Freq
                0x080038dc       0x28 ./Drivers/STM32F7xx_HAL_Driver/Src/stm32f7xx_hal_rcc.o
                0x080038dc                HAL_RCC_GetPCLK2Freq
 .text.HAL_RCC_GetClockConfig
                0x08003904       0x64 ./Drivers/STM32F7xx_HAL_Driver/Src/stm32f7xx_hal_rcc.o
                0x08003904                HAL_RCC_GetClockConfig
 .text.HAL_RCCEx_PeriphCLKConfig
                0x08003968      0x850 ./Drivers/STM32F7xx_HAL_Driver/Src/stm32f7xx_hal_rcc_ex.o
                0x08003968                HAL_RCCEx_PeriphCLKConfig
 .text.HAL_TIM_Base_Init
                0x080041b8       0xae ./Drivers/STM32F7xx_HAL_Driver/Src/stm32f7xx_hal_tim.o
                0x080041b8                HAL_TIM_Base_Init
 .text.HAL_TIM_Base_MspInit
                0x08004266       0x14 ./Drivers/STM32F7xx_HAL_Driver/Src/stm32f7xx_hal_tim.o
                0x08004266                HAL_TIM_Base_MspInit
 *fill*         0x0800427a        0x2 
 .text.HAL_TIM_Base_Start_IT
                0x0800427c       0xf0 ./Drivers/STM32F7xx_HAL_Driver/Src/stm32f7xx_hal_tim.o
                0x0800427c                HAL_TIM_Base_Start_IT
 .text.HAL_TIM_IRQHandler
                0x0800436c      0x20e ./Drivers/STM32F7xx_HAL_Driver/Src/stm32f7xx_hal_tim.o
                0x0800436c                HAL_TIM_IRQHandler
 .text.HAL_TIM_OC_DelayElapsedCallback
                0x0800457a       0x14 ./Drivers/STM32F7xx_HAL_Driver/Src/stm32f7xx_hal_tim.o
                0x0800457a                HAL_TIM_OC_DelayElapsedCallback
 .text.HAL_TIM_IC_CaptureCallback
                0x0800458e       0x14 ./Drivers/STM32F7xx_HAL_Driver/Src/stm32f7xx_hal_tim.o
                0x0800458e                HAL_TIM_IC_CaptureCallback
 .text.HAL_TIM_PWM_PulseFinishedCallback
                0x080045a2       0x14 ./Drivers/STM32F7xx_HAL_Driver/Src/stm32f7xx_hal_tim.o
                0x080045a2                HAL_TIM_PWM_PulseFinishedCallback
 .text.HAL_TIM_TriggerCallback
                0x080045b6       0x14 ./Drivers/STM32F7xx_HAL_Driver/Src/stm32f7xx_hal_tim.o
                0x080045b6                HAL_TIM_TriggerCallback
 *fill*         0x080045ca        0x2 
 .text.TIM_Base_SetConfig
                0x080045cc      0x158 ./Drivers/STM32F7xx_HAL_Driver/Src/stm32f7xx_hal_tim.o
                0x080045cc                TIM_Base_SetConfig
 .text.HAL_TIMEx_CommutCallback
                0x08004724       0x14 ./Drivers/STM32F7xx_HAL_Driver/Src/stm32f7xx_hal_tim_ex.o
                0x08004724                HAL_TIMEx_CommutCallback
 .text.HAL_TIMEx_BreakCallback
                0x08004738       0x14 ./Drivers/STM32F7xx_HAL_Driver/Src/stm32f7xx_hal_tim_ex.o
                0x08004738                HAL_TIMEx_BreakCallback
 .text.HAL_TIMEx_Break2Callback
                0x0800474c       0x14 ./Drivers/STM32F7xx_HAL_Driver/Src/stm32f7xx_hal_tim_ex.o
                0x0800474c                HAL_TIMEx_Break2Callback
 .text.HAL_UART_Init
                0x08004760       0x9c ./Drivers/STM32F7xx_HAL_Driver/Src/stm32f7xx_hal_uart.o
                0x08004760                HAL_UART_Init
 .text.HAL_UART_Transmit
                0x080047fc      0x112 ./Drivers/STM32F7xx_HAL_Driver/Src/stm32f7xx_hal_uart.o
                0x080047fc                HAL_UART_Transmit
 .text.HAL_UART_Receive
                0x0800490e      0x190 ./Drivers/STM32F7xx_HAL_Driver/Src/stm32f7xx_hal_uart.o
                0x0800490e                HAL_UART_Receive
 *fill*         0x08004a9e        0x2 
 .text.UART_SetConfig
                0x08004aa0      0x4c8 ./Drivers/STM32F7xx_HAL_Driver/Src/stm32f7xx_hal_uart.o
                0x08004aa0                UART_SetConfig
 .text.UART_AdvFeatureConfig
                0x08004f68      0x144 ./Drivers/STM32F7xx_HAL_Driver/Src/stm32f7xx_hal_uart.o
                0x08004f68                UART_AdvFeatureConfig
 .text.UART_CheckIdleState
                0x080050ac      0x150 ./Drivers/STM32F7xx_HAL_Driver/Src/stm32f7xx_hal_uart.o
                0x080050ac                UART_CheckIdleState
 .text.UART_WaitOnFlagUntilTimeout
                0x080051fc       0xda ./Drivers/STM32F7xx_HAL_Driver/Src/stm32f7xx_hal_uart.o
                0x080051fc                UART_WaitOnFlagUntilTimeout
 .text.UART_EndRxTransfer
                0x080052d6       0xc8 ./Drivers/STM32F7xx_HAL_Driver/Src/stm32f7xx_hal_uart.o
 .text.SVC_Setup
                0x0800539e        0xe ./Middlewares/Third_Party/FreeRTOS/Source/CMSIS_RTOS_V2/cmsis_os2.o
 .text.osKernelInitialize
                0x080053ac       0x68 ./Middlewares/Third_Party/FreeRTOS/Source/CMSIS_RTOS_V2/cmsis_os2.o
                0x080053ac                osKernelInitialize
 .text.osKernelStart
                0x08005414       0x6c ./Middlewares/Third_Party/FreeRTOS/Source/CMSIS_RTOS_V2/cmsis_os2.o
                0x08005414                osKernelStart
 .text.osThreadNew
                0x08005480      0x14c ./Middlewares/Third_Party/FreeRTOS/Source/CMSIS_RTOS_V2/cmsis_os2.o
                0x08005480                osThreadNew
 .text.vApplicationGetIdleTaskMemory
                0x080055cc       0x34 ./Middlewares/Third_Party/FreeRTOS/Source/CMSIS_RTOS_V2/cmsis_os2.o
                0x080055cc                vApplicationGetIdleTaskMemory
 .text.vApplicationGetTimerTaskMemory
                0x08005600       0x34 ./Middlewares/Third_Party/FreeRTOS/Source/CMSIS_RTOS_V2/cmsis_os2.o
                0x08005600                vApplicationGetTimerTaskMemory
 .text.vListInitialise
                0x08005634       0x40 ./Middlewares/Third_Party/FreeRTOS/Source/list.o
                0x08005634                vListInitialise
 .text.vListInitialiseItem
                0x08005674       0x1a ./Middlewares/Third_Party/FreeRTOS/Source/list.o
                0x08005674                vListInitialiseItem
 .text.vListInsertEnd
                0x0800568e       0x48 ./Middlewares/Third_Party/FreeRTOS/Source/list.o
                0x0800568e                vListInsertEnd
 .text.vListInsert
                0x080056d6       0x72 ./Middlewares/Third_Party/FreeRTOS/Source/list.o
                0x080056d6                vListInsert
 .text.uxListRemove
                0x08005748       0x54 ./Middlewares/Third_Party/FreeRTOS/Source/list.o
                0x08005748                uxListRemove
 .text.xQueueGenericReset
                0x0800579c       0xd8 ./Middlewares/Third_Party/FreeRTOS/Source/queue.o
                0x0800579c                xQueueGenericReset
 .text.xQueueGenericCreateStatic
                0x08005874      0x10e ./Middlewares/Third_Party/FreeRTOS/Source/queue.o
                0x08005874                xQueueGenericCreateStatic
 .text.prvInitialiseNewQueue
                0x08005982       0x46 ./Middlewares/Third_Party/FreeRTOS/Source/queue.o
 .text.xQueueGenericSend
                0x080059c8      0x214 ./Middlewares/Third_Party/FreeRTOS/Source/queue.o
                0x080059c8                xQueueGenericSend
 .text.xQueueGenericSendFromISR
                0x08005bdc      0x146 ./Middlewares/Third_Party/FreeRTOS/Source/queue.o
                0x08005bdc                xQueueGenericSendFromISR
 *fill*         0x08005d22        0x2 
 .text.xQueueReceive
                0x08005d24      0x1d0 ./Middlewares/Third_Party/FreeRTOS/Source/queue.o
                0x08005d24                xQueueReceive
 .text.prvCopyDataToQueue
                0x08005ef4       0xd4 ./Middlewares/Third_Party/FreeRTOS/Source/queue.o
 .text.prvCopyDataFromQueue
                0x08005fc8       0x4c ./Middlewares/Third_Party/FreeRTOS/Source/queue.o
 .text.prvUnlockQueue
                0x08006014       0xa4 ./Middlewares/Third_Party/FreeRTOS/Source/queue.o
 .text.prvIsQueueEmpty
                0x080060b8       0x2c ./Middlewares/Third_Party/FreeRTOS/Source/queue.o
 .text.prvIsQueueFull
                0x080060e4       0x30 ./Middlewares/Third_Party/FreeRTOS/Source/queue.o
 .text.vQueueAddToRegistry
                0x08006114       0x54 ./Middlewares/Third_Party/FreeRTOS/Source/queue.o
                0x08006114                vQueueAddToRegistry
 .text.vQueueWaitForMessageRestricted
                0x08006168       0x68 ./Middlewares/Third_Party/FreeRTOS/Source/queue.o
                0x08006168                vQueueWaitForMessageRestricted
 .text.xTaskCreateStatic
                0x080061d0       0xcc ./Middlewares/Third_Party/FreeRTOS/Source/tasks.o
                0x080061d0                xTaskCreateStatic
 .text.xTaskCreate
                0x0800629c       0x8a ./Middlewares/Third_Party/FreeRTOS/Source/tasks.o
                0x0800629c                xTaskCreate
 .text.prvInitialiseNewTask
                0x08006326      0x124 ./Middlewares/Third_Party/FreeRTOS/Source/tasks.o
 *fill*         0x0800644a        0x2 
 .text.prvAddNewTaskToReadyList
                0x0800644c       0xe0 ./Middlewares/Third_Party/FreeRTOS/Source/tasks.o
 .text.vTaskStartScheduler
                0x0800652c       0xd8 ./Middlewares/Third_Party/FreeRTOS/Source/tasks.o
                0x0800652c                vTaskStartScheduler
 .text.vTaskSuspendAll
                0x08006604       0x1c ./Middlewares/Third_Party/FreeRTOS/Source/tasks.o
                0x08006604                vTaskSuspendAll
 .text.xTaskResumeAll
                0x08006620      0x140 ./Middlewares/Third_Party/FreeRTOS/Source/tasks.o
                0x08006620                xTaskResumeAll
 .text.xTaskGetTickCount
                0x08006760       0x20 ./Middlewares/Third_Party/FreeRTOS/Source/tasks.o
                0x08006760                xTaskGetTickCount
 .text.xTaskIncrementTick
                0x08006780      0x178 ./Middlewares/Third_Party/FreeRTOS/Source/tasks.o
                0x08006780                xTaskIncrementTick
 .text.vTaskSwitchContext
                0x080068f8       0xc0 ./Middlewares/Third_Party/FreeRTOS/Source/tasks.o
                0x080068f8                vTaskSwitchContext
 .text.vTaskPlaceOnEventList
                0x080069b8       0x50 ./Middlewares/Third_Party/FreeRTOS/Source/tasks.o
                0x080069b8                vTaskPlaceOnEventList
 .text.vTaskPlaceOnEventListRestricted
                0x08006a08       0x5c ./Middlewares/Third_Party/FreeRTOS/Source/tasks.o
                0x08006a08                vTaskPlaceOnEventListRestricted
 .text.xTaskRemoveFromEventList
                0x08006a64       0xcc ./Middlewares/Third_Party/FreeRTOS/Source/tasks.o
                0x08006a64                xTaskRemoveFromEventList
 .text.vTaskInternalSetTimeOutState
                0x08006b30       0x2c ./Middlewares/Third_Party/FreeRTOS/Source/tasks.o
                0x08006b30                vTaskInternalSetTimeOutState
 .text.xTaskCheckForTimeOut
                0x08006b5c       0xd0 ./Middlewares/Third_Party/FreeRTOS/Source/tasks.o
                0x08006b5c                xTaskCheckForTimeOut
 .text.vTaskMissedYield
                0x08006c2c       0x18 ./Middlewares/Third_Party/FreeRTOS/Source/tasks.o
                0x08006c2c                vTaskMissedYield
 .text.prvIdleTask
                0x08006c44       0x30 ./Middlewares/Third_Party/FreeRTOS/Source/tasks.o
 .text.prvInitialiseTaskLists
                0x08006c74       0x80 ./Middlewares/Third_Party/FreeRTOS/Source/tasks.o
 .text.prvCheckTasksWaitingTermination
                0x08006cf4       0x5c ./Middlewares/Third_Party/FreeRTOS/Source/tasks.o
 .text.prvDeleteTCB
                0x08006d50       0x64 ./Middlewares/Third_Party/FreeRTOS/Source/tasks.o
 .text.prvResetNextTaskUnblockTime
                0x08006db4       0x40 ./Middlewares/Third_Party/FreeRTOS/Source/tasks.o
 .text.xTaskGetSchedulerState
                0x08006df4       0x3c ./Middlewares/Third_Party/FreeRTOS/Source/tasks.o
                0x08006df4                xTaskGetSchedulerState
 .text.xTaskPriorityDisinherit
                0x08006e30       0xe8 ./Middlewares/Third_Party/FreeRTOS/Source/tasks.o
                0x08006e30                xTaskPriorityDisinherit
 .text.prvAddCurrentTaskToDelayedList
                0x08006f18       0xa8 ./Middlewares/Third_Party/FreeRTOS/Source/tasks.o
 .text.xTimerCreateTimerTask
                0x08006fc0       0x98 ./Middlewares/Third_Party/FreeRTOS/Source/timers.o
                0x08006fc0                xTimerCreateTimerTask
 .text.xTimerGenericCommand
                0x08007058       0xa0 ./Middlewares/Third_Party/FreeRTOS/Source/timers.o
                0x08007058                xTimerGenericCommand
 .text.prvProcessExpiredTimer
                0x080070f8       0xa0 ./Middlewares/Third_Party/FreeRTOS/Source/timers.o
 .text.prvTimerTask
                0x08007198       0x26 ./Middlewares/Third_Party/FreeRTOS/Source/timers.o
 *fill*         0x080071be        0x2 
 .text.prvProcessTimerOrBlockTask
                0x080071c0       0x9c ./Middlewares/Third_Party/FreeRTOS/Source/timers.o
 .text.prvGetNextExpireTime
                0x0800725c       0x48 ./Middlewares/Third_Party/FreeRTOS/Source/timers.o
 .text.prvSampleTimeNow
                0x080072a4       0x40 ./Middlewares/Third_Party/FreeRTOS/Source/timers.o
 .text.prvInsertTimerInActiveList
                0x080072e4       0x84 ./Middlewares/Third_Party/FreeRTOS/Source/timers.o
 .text.prvProcessReceivedCommands
                0x08007368      0x1d8 ./Middlewares/Third_Party/FreeRTOS/Source/timers.o
 .text.prvSwitchTimerLists
                0x08007540       0xd0 ./Middlewares/Third_Party/FreeRTOS/Source/timers.o
 .text.prvCheckForValidListAndQueue
                0x08007610       0x80 ./Middlewares/Third_Party/FreeRTOS/Source/timers.o
 .text.pxPortInitialiseStack
                0x08007690       0x68 ./Middlewares/Third_Party/FreeRTOS/Source/portable/GCC/ARM_CM7/r0p1/port.o
                0x08007690                pxPortInitialiseStack
 .text.prvTaskExitError
                0x080076f8       0x64 ./Middlewares/Third_Party/FreeRTOS/Source/portable/GCC/ARM_CM7/r0p1/port.o
 *fill*         0x0800775c        0x4 
 .text.SVC_Handler
                0x08007760       0x28 ./Middlewares/Third_Party/FreeRTOS/Source/portable/GCC/ARM_CM7/r0p1/port.o
                0x08007760                SVC_Handler
 .text.prvPortStartFirstTask
                0x08007788       0x28 ./Middlewares/Third_Party/FreeRTOS/Source/portable/GCC/ARM_CM7/r0p1/port.o
 .text.xPortStartScheduler
                0x080077b0       0xfc ./Middlewares/Third_Party/FreeRTOS/Source/portable/GCC/ARM_CM7/r0p1/port.o
                0x080077b0                xPortStartScheduler
 .text.vPortEnterCritical
                0x080078ac       0x6c ./Middlewares/Third_Party/FreeRTOS/Source/portable/GCC/ARM_CM7/r0p1/port.o
                0x080078ac                vPortEnterCritical
 .text.vPortExitCritical
                0x08007918       0x58 ./Middlewares/Third_Party/FreeRTOS/Source/portable/GCC/ARM_CM7/r0p1/port.o
                0x08007918                vPortExitCritical
 .text.PendSV_Handler
                0x08007970       0x68 ./Middlewares/Third_Party/FreeRTOS/Source/portable/GCC/ARM_CM7/r0p1/port.o
                0x08007970                PendSV_Handler
 .text.SysTick_Handler
                0x080079d8       0x48 ./Middlewares/Third_Party/FreeRTOS/Source/portable/GCC/ARM_CM7/r0p1/port.o
                0x080079d8                SysTick_Handler
 .text.vPortSetupTimerInterrupt
                0x08007a20       0x48 ./Middlewares/Third_Party/FreeRTOS/Source/portable/GCC/ARM_CM7/r0p1/port.o
                0x08007a20                vPortSetupTimerInterrupt
 .text.vPortEnableVFP
                0x08007a68       0x14 ./Middlewares/Third_Party/FreeRTOS/Source/portable/GCC/ARM_CM7/r0p1/port.o
 .text.vPortValidateInterruptPriority
                0x08007a7c       0x8c ./Middlewares/Third_Party/FreeRTOS/Source/portable/GCC/ARM_CM7/r0p1/port.o
                0x08007a7c                vPortValidateInterruptPriority
 .text.pvPortMalloc
                0x08007b08      0x19c ./Middlewares/Third_Party/FreeRTOS/Source/portable/MemMang/heap_4.o
                0x08007b08                pvPortMalloc
 .text.vPortFree
                0x08007ca4       0xc0 ./Middlewares/Third_Party/FreeRTOS/Source/portable/MemMang/heap_4.o
                0x08007ca4                vPortFree
 .text.prvHeapInit
                0x08007d64       0xc4 ./Middlewares/Third_Party/FreeRTOS/Source/portable/MemMang/heap_4.o
 .text.prvInsertBlockIntoFreeList
                0x08007e28       0xb4 ./Middlewares/Third_Party/FreeRTOS/Source/portable/MemMang/heap_4.o
 .text._strtol_l.constprop.0
                0x08007edc       0xf4 /home/federico/st/stm32cubeide_1.15.1/plugins/com.st.stm32cube.ide.mcu.externaltools.gnu-tools-for-stm32.12.3.rel1.linux64_1.1.0.202410170702/tools/bin/../lib/gcc/arm-none-eabi/12.3.1/../../../../arm-none-eabi/lib/thumb/v7e-m+dp/hard/libc_nano.a(libc_a-strtol.o)
 .text._strtol_r
                0x08007fd0        0x4 /home/federico/st/stm32cubeide_1.15.1/plugins/com.st.stm32cube.ide.mcu.externaltools.gnu-tools-for-stm32.12.3.rel1.linux64_1.1.0.202410170702/tools/bin/../lib/gcc/arm-none-eabi/12.3.1/../../../../arm-none-eabi/lib/thumb/v7e-m+dp/hard/libc_nano.a(libc_a-strtol.o)
                0x08007fd0                _strtol_r
 .text.strtol   0x08007fd4       0x14 /home/federico/st/stm32cubeide_1.15.1/plugins/com.st.stm32cube.ide.mcu.externaltools.gnu-tools-for-stm32.12.3.rel1.linux64_1.1.0.202410170702/tools/bin/../lib/gcc/arm-none-eabi/12.3.1/../../../../arm-none-eabi/lib/thumb/v7e-m+dp/hard/libc_nano.a(libc_a-strtol.o)
                0x08007fd4                strtol
 .text.__sflush_r
                0x08007fe8      0x108 /home/federico/st/stm32cubeide_1.15.1/plugins/com.st.stm32cube.ide.mcu.externaltools.gnu-tools-for-stm32.12.3.rel1.linux64_1.1.0.202410170702/tools/bin/../lib/gcc/arm-none-eabi/12.3.1/../../../../arm-none-eabi/lib/thumb/v7e-m+dp/hard/libc_nano.a(libc_a-fflush.o)
                0x08007fe8                __sflush_r
 .text._fflush_r
                0x080080f0       0x50 /home/federico/st/stm32cubeide_1.15.1/plugins/com.st.stm32cube.ide.mcu.externaltools.gnu-tools-for-stm32.12.3.rel1.linux64_1.1.0.202410170702/tools/bin/../lib/gcc/arm-none-eabi/12.3.1/../../../../arm-none-eabi/lib/thumb/v7e-m+dp/hard/libc_nano.a(libc_a-fflush.o)
                0x080080f0                _fflush_r
 .text.fflush   0x08008140       0x28 /home/federico/st/stm32cubeide_1.15.1/plugins/com.st.stm32cube.ide.mcu.externaltools.gnu-tools-for-stm32.12.3.rel1.linux64_1.1.0.202410170702/tools/bin/../lib/gcc/arm-none-eabi/12.3.1/../../../../arm-none-eabi/lib/thumb/v7e-m+dp/hard/libc_nano.a(libc_a-fflush.o)
                0x08008140                fflush
 .text.std      0x08008168       0x6c /home/federico/st/stm32cubeide_1.15.1/plugins/com.st.stm32cube.ide.mcu.externaltools.gnu-tools-for-stm32.12.3.rel1.linux64_1.1.0.202410170702/tools/bin/../lib/gcc/arm-none-eabi/12.3.1/../../../../arm-none-eabi/lib/thumb/v7e-m+dp/hard/libc_nano.a(libc_a-findfp.o)
 .text.stdio_exit_handler
                0x080081d4       0x18 /home/federico/st/stm32cubeide_1.15.1/plugins/com.st.stm32cube.ide.mcu.externaltools.gnu-tools-for-stm32.12.3.rel1.linux64_1.1.0.202410170702/tools/bin/../lib/gcc/arm-none-eabi/12.3.1/../../../../arm-none-eabi/lib/thumb/v7e-m+dp/hard/libc_nano.a(libc_a-findfp.o)
 .text.cleanup_stdio
                0x080081ec       0x40 /home/federico/st/stm32cubeide_1.15.1/plugins/com.st.stm32cube.ide.mcu.externaltools.gnu-tools-for-stm32.12.3.rel1.linux64_1.1.0.202410170702/tools/bin/../lib/gcc/arm-none-eabi/12.3.1/../../../../arm-none-eabi/lib/thumb/v7e-m+dp/hard/libc_nano.a(libc_a-findfp.o)
 .text.global_stdio_init.part.0
                0x0800822c       0x3c /home/federico/st/stm32cubeide_1.15.1/plugins/com.st.stm32cube.ide.mcu.externaltools.gnu-tools-for-stm32.12.3.rel1.linux64_1.1.0.202410170702/tools/bin/../lib/gcc/arm-none-eabi/12.3.1/../../../../arm-none-eabi/lib/thumb/v7e-m+dp/hard/libc_nano.a(libc_a-findfp.o)
 .text.__sfp_lock_acquire
                0x08008268        0xc /home/federico/st/stm32cubeide_1.15.1/plugins/com.st.stm32cube.ide.mcu.externaltools.gnu-tools-for-stm32.12.3.rel1.linux64_1.1.0.202410170702/tools/bin/../lib/gcc/arm-none-eabi/12.3.1/../../../../arm-none-eabi/lib/thumb/v7e-m+dp/hard/libc_nano.a(libc_a-findfp.o)
                0x08008268                __sfp_lock_acquire
 .text.__sfp_lock_release
                0x08008274        0xc /home/federico/st/stm32cubeide_1.15.1/plugins/com.st.stm32cube.ide.mcu.externaltools.gnu-tools-for-stm32.12.3.rel1.linux64_1.1.0.202410170702/tools/bin/../lib/gcc/arm-none-eabi/12.3.1/../../../../arm-none-eabi/lib/thumb/v7e-m+dp/hard/libc_nano.a(libc_a-findfp.o)
                0x08008274                __sfp_lock_release
 .text.__sinit  0x08008280       0x30 /home/federico/st/stm32cubeide_1.15.1/plugins/com.st.stm32cube.ide.mcu.externaltools.gnu-tools-for-stm32.12.3.rel1.linux64_1.1.0.202410170702/tools/bin/../lib/gcc/arm-none-eabi/12.3.1/../../../../arm-none-eabi/lib/thumb/v7e-m+dp/hard/libc_nano.a(libc_a-findfp.o)
                0x08008280                __sinit
 .text._fwalk_sglue
                0x080082b0       0x3c /home/federico/st/stm32cubeide_1.15.1/plugins/com.st.stm32cube.ide.mcu.externaltools.gnu-tools-for-stm32.12.3.rel1.linux64_1.1.0.202410170702/tools/bin/../lib/gcc/arm-none-eabi/12.3.1/../../../../arm-none-eabi/lib/thumb/v7e-m+dp/hard/libc_nano.a(libc_a-fwalk.o)
                0x080082b0                _fwalk_sglue
 .text.printf   0x080082ec       0x24 /home/federico/st/stm32cubeide_1.15.1/plugins/com.st.stm32cube.ide.mcu.externaltools.gnu-tools-for-stm32.12.3.rel1.linux64_1.1.0.202410170702/tools/bin/../lib/gcc/arm-none-eabi/12.3.1/../../../../arm-none-eabi/lib/thumb/v7e-m+dp/hard/libc_nano.a(libc_a-printf.o)
                0x080082ec                printf
                0x080082ec                iprintf
 .text._puts_r  0x08008310       0xaa /home/federico/st/stm32cubeide_1.15.1/plugins/com.st.stm32cube.ide.mcu.externaltools.gnu-tools-for-stm32.12.3.rel1.linux64_1.1.0.202410170702/tools/bin/../lib/gcc/arm-none-eabi/12.3.1/../../../../arm-none-eabi/lib/thumb/v7e-m+dp/hard/libc_nano.a(libc_a-puts.o)
                0x08008310                _puts_r
 *fill*         0x080083ba        0x2 
 .text.puts     0x080083bc       0x10 /home/federico/st/stm32cubeide_1.15.1/plugins/com.st.stm32cube.ide.mcu.externaltools.gnu-tools-for-stm32.12.3.rel1.linux64_1.1.0.202410170702/tools/bin/../lib/gcc/arm-none-eabi/12.3.1/../../../../arm-none-eabi/lib/thumb/v7e-m+dp/hard/libc_nano.a(libc_a-puts.o)
                0x080083bc                puts
 .text.scanf    0x080083cc       0x24 /home/federico/st/stm32cubeide_1.15.1/plugins/com.st.stm32cube.ide.mcu.externaltools.gnu-tools-for-stm32.12.3.rel1.linux64_1.1.0.202410170702/tools/bin/../lib/gcc/arm-none-eabi/12.3.1/../../../../arm-none-eabi/lib/thumb/v7e-m+dp/hard/libc_nano.a(libc_a-scanf.o)
                0x080083cc                iscanf
                0x080083cc                scanf
 .text.__sread  0x080083f0       0x22 /home/federico/st/stm32cubeide_1.15.1/plugins/com.st.stm32cube.ide.mcu.externaltools.gnu-tools-for-stm32.12.3.rel1.linux64_1.1.0.202410170702/tools/bin/../lib/gcc/arm-none-eabi/12.3.1/../../../../arm-none-eabi/lib/thumb/v7e-m+dp/hard/libc_nano.a(libc_a-stdio.o)
                0x080083f0                __sread
 .text.__swrite
                0x08008412       0x38 /home/federico/st/stm32cubeide_1.15.1/plugins/com.st.stm32cube.ide.mcu.externaltools.gnu-tools-for-stm32.12.3.rel1.linux64_1.1.0.202410170702/tools/bin/../lib/gcc/arm-none-eabi/12.3.1/../../../../arm-none-eabi/lib/thumb/v7e-m+dp/hard/libc_nano.a(libc_a-stdio.o)
                0x08008412                __swrite
 .text.__sseek  0x0800844a       0x24 /home/federico/st/stm32cubeide_1.15.1/plugins/com.st.stm32cube.ide.mcu.externaltools.gnu-tools-for-stm32.12.3.rel1.linux64_1.1.0.202410170702/tools/bin/../lib/gcc/arm-none-eabi/12.3.1/../../../../arm-none-eabi/lib/thumb/v7e-m+dp/hard/libc_nano.a(libc_a-stdio.o)
                0x0800844a                __sseek
 .text.__sclose
                0x0800846e        0x8 /home/federico/st/stm32cubeide_1.15.1/plugins/com.st.stm32cube.ide.mcu.externaltools.gnu-tools-for-stm32.12.3.rel1.linux64_1.1.0.202410170702/tools/bin/../lib/gcc/arm-none-eabi/12.3.1/../../../../arm-none-eabi/lib/thumb/v7e-m+dp/hard/libc_nano.a(libc_a-stdio.o)
                0x0800846e                __sclose
 .text.__swbuf_r
                0x08008476       0x7c /home/federico/st/stm32cubeide_1.15.1/plugins/com.st.stm32cube.ide.mcu.externaltools.gnu-tools-for-stm32.12.3.rel1.linux64_1.1.0.202410170702/tools/bin/../lib/gcc/arm-none-eabi/12.3.1/../../../../arm-none-eabi/lib/thumb/v7e-m+dp/hard/libc_nano.a(libc_a-wbuf.o)
                0x08008476                __swbuf_r
 *fill*         0x080084f2        0x2 
 .text.__swsetup_r
                0x080084f4       0xac /home/federico/st/stm32cubeide_1.15.1/plugins/com.st.stm32cube.ide.mcu.externaltools.gnu-tools-for-stm32.12.3.rel1.linux64_1.1.0.202410170702/tools/bin/../lib/gcc/arm-none-eabi/12.3.1/../../../../arm-none-eabi/lib/thumb/v7e-m+dp/hard/libc_nano.a(libc_a-wsetup.o)
                0x080084f4                __swsetup_r
 .text.memset   0x080085a0       0x10 /home/federico/st/stm32cubeide_1.15.1/plugins/com.st.stm32cube.ide.mcu.externaltools.gnu-tools-for-stm32.12.3.rel1.linux64_1.1.0.202410170702/tools/bin/../lib/gcc/arm-none-eabi/12.3.1/../../../../arm-none-eabi/lib/thumb/v7e-m+dp/hard/libc_nano.a(libc_a-memset.o)
                0x080085a0                memset
 .text._close_r
                0x080085b0       0x20 /home/federico/st/stm32cubeide_1.15.1/plugins/com.st.stm32cube.ide.mcu.externaltools.gnu-tools-for-stm32.12.3.rel1.linux64_1.1.0.202410170702/tools/bin/../lib/gcc/arm-none-eabi/12.3.1/../../../../arm-none-eabi/lib/thumb/v7e-m+dp/hard/libc_nano.a(libc_a-closer.o)
                0x080085b0                _close_r
 .text._lseek_r
                0x080085d0       0x24 /home/federico/st/stm32cubeide_1.15.1/plugins/com.st.stm32cube.ide.mcu.externaltools.gnu-tools-for-stm32.12.3.rel1.linux64_1.1.0.202410170702/tools/bin/../lib/gcc/arm-none-eabi/12.3.1/../../../../arm-none-eabi/lib/thumb/v7e-m+dp/hard/libc_nano.a(libc_a-lseekr.o)
                0x080085d0                _lseek_r
 .text._read_r  0x080085f4       0x24 /home/federico/st/stm32cubeide_1.15.1/plugins/com.st.stm32cube.ide.mcu.externaltools.gnu-tools-for-stm32.12.3.rel1.linux64_1.1.0.202410170702/tools/bin/../lib/gcc/arm-none-eabi/12.3.1/../../../../arm-none-eabi/lib/thumb/v7e-m+dp/hard/libc_nano.a(libc_a-readr.o)
                0x080085f4                _read_r
 .text._write_r
                0x08008618       0x24 /home/federico/st/stm32cubeide_1.15.1/plugins/com.st.stm32cube.ide.mcu.externaltools.gnu-tools-for-stm32.12.3.rel1.linux64_1.1.0.202410170702/tools/bin/../lib/gcc/arm-none-eabi/12.3.1/../../../../arm-none-eabi/lib/thumb/v7e-m+dp/hard/libc_nano.a(libc_a-writer.o)
                0x08008618                _write_r
 .text.__errno  0x0800863c        0xc /home/federico/st/stm32cubeide_1.15.1/plugins/com.st.stm32cube.ide.mcu.externaltools.gnu-tools-for-stm32.12.3.rel1.linux64_1.1.0.202410170702/tools/bin/../lib/gcc/arm-none-eabi/12.3.1/../../../../arm-none-eabi/lib/thumb/v7e-m+dp/hard/libc_nano.a(libc_a-errno.o)
                0x0800863c                __errno
 .text.__libc_init_array
                0x08008648       0x48 /home/federico/st/stm32cubeide_1.15.1/plugins/com.st.stm32cube.ide.mcu.externaltools.gnu-tools-for-stm32.12.3.rel1.linux64_1.1.0.202410170702/tools/bin/../lib/gcc/arm-none-eabi/12.3.1/../../../../arm-none-eabi/lib/thumb/v7e-m+dp/hard/libc_nano.a(libc_a-init.o)
                0x08008648                __libc_init_array
 .text.__retarget_lock_init_recursive
                0x08008690        0x2 /home/federico/st/stm32cubeide_1.15.1/plugins/com.st.stm32cube.ide.mcu.externaltools.gnu-tools-for-stm32.12.3.rel1.linux64_1.1.0.202410170702/tools/bin/../lib/gcc/arm-none-eabi/12.3.1/../../../../arm-none-eabi/lib/thumb/v7e-m+dp/hard/libc_nano.a(libc_a-lock.o)
                0x08008690                __retarget_lock_init_recursive
 .text.__retarget_lock_acquire_recursive
                0x08008692        0x2 /home/federico/st/stm32cubeide_1.15.1/plugins/com.st.stm32cube.ide.mcu.externaltools.gnu-tools-for-stm32.12.3.rel1.linux64_1.1.0.202410170702/tools/bin/../lib/gcc/arm-none-eabi/12.3.1/../../../../arm-none-eabi/lib/thumb/v7e-m+dp/hard/libc_nano.a(libc_a-lock.o)
                0x08008692                __retarget_lock_acquire_recursive
 .text.__retarget_lock_release_recursive
                0x08008694        0x2 /home/federico/st/stm32cubeide_1.15.1/plugins/com.st.stm32cube.ide.mcu.externaltools.gnu-tools-for-stm32.12.3.rel1.linux64_1.1.0.202410170702/tools/bin/../lib/gcc/arm-none-eabi/12.3.1/../../../../arm-none-eabi/lib/thumb/v7e-m+dp/hard/libc_nano.a(libc_a-lock.o)
                0x08008694                __retarget_lock_release_recursive
 .text.memcpy   0x08008696       0x1c /home/federico/st/stm32cubeide_1.15.1/plugins/com.st.stm32cube.ide.mcu.externaltools.gnu-tools-for-stm32.12.3.rel1.linux64_1.1.0.202410170702/tools/bin/../lib/gcc/arm-none-eabi/12.3.1/../../../../arm-none-eabi/lib/thumb/v7e-m+dp/hard/libc_nano.a(libc_a-memcpy-stub.o)
                0x08008696                memcpy
 *fill*         0x080086b2        0x2 
 .text._free_r  0x080086b4       0x94 /home/federico/st/stm32cubeide_1.15.1/plugins/com.st.stm32cube.ide.mcu.externaltools.gnu-tools-for-stm32.12.3.rel1.linux64_1.1.0.202410170702/tools/bin/../lib/gcc/arm-none-eabi/12.3.1/../../../../arm-none-eabi/lib/thumb/v7e-m+dp/hard/libc_nano.a(libc_a-freer.o)
                0x080086b4                _free_r
 .text.sbrk_aligned
                0x08008748       0x44 /home/federico/st/stm32cubeide_1.15.1/plugins/com.st.stm32cube.ide.mcu.externaltools.gnu-tools-for-stm32.12.3.rel1.linux64_1.1.0.202410170702/tools/bin/../lib/gcc/arm-none-eabi/12.3.1/../../../../arm-none-eabi/lib/thumb/v7e-m+dp/hard/libc_nano.a(libc_a-mallocr.o)
 .text._malloc_r
                0x0800878c      0x100 /home/federico/st/stm32cubeide_1.15.1/plugins/com.st.stm32cube.ide.mcu.externaltools.gnu-tools-for-stm32.12.3.rel1.linux64_1.1.0.202410170702/tools/bin/../lib/gcc/arm-none-eabi/12.3.1/../../../../arm-none-eabi/lib/thumb/v7e-m+dp/hard/libc_nano.a(libc_a-mallocr.o)
                0x0800878c                _malloc_r
 .text.__malloc_lock
                0x0800888c        0xc /home/federico/st/stm32cubeide_1.15.1/plugins/com.st.stm32cube.ide.mcu.externaltools.gnu-tools-for-stm32.12.3.rel1.linux64_1.1.0.202410170702/tools/bin/../lib/gcc/arm-none-eabi/12.3.1/../../../../arm-none-eabi/lib/thumb/v7e-m+dp/hard/libc_nano.a(libc_a-mlock.o)
                0x0800888c                __malloc_lock
 .text.__malloc_unlock
                0x08008898        0xc /home/federico/st/stm32cubeide_1.15.1/plugins/com.st.stm32cube.ide.mcu.externaltools.gnu-tools-for-stm32.12.3.rel1.linux64_1.1.0.202410170702/tools/bin/../lib/gcc/arm-none-eabi/12.3.1/../../../../arm-none-eabi/lib/thumb/v7e-m+dp/hard/libc_nano.a(libc_a-mlock.o)
                0x08008898                __malloc_unlock
 .text.__sfputc_r
                0x080088a4       0x2e /home/federico/st/stm32cubeide_1.15.1/plugins/com.st.stm32cube.ide.mcu.externaltools.gnu-tools-for-stm32.12.3.rel1.linux64_1.1.0.202410170702/tools/bin/../lib/gcc/arm-none-eabi/12.3.1/../../../../arm-none-eabi/lib/thumb/v7e-m+dp/hard/libc_nano.a(libc_a-nano-vfprintf.o)
 .text.__sfputs_r
                0x080088d2       0x24 /home/federico/st/stm32cubeide_1.15.1/plugins/com.st.stm32cube.ide.mcu.externaltools.gnu-tools-for-stm32.12.3.rel1.linux64_1.1.0.202410170702/tools/bin/../lib/gcc/arm-none-eabi/12.3.1/../../../../arm-none-eabi/lib/thumb/v7e-m+dp/hard/libc_nano.a(libc_a-nano-vfprintf.o)
                0x080088d2                __sfputs_r
 *fill*         0x080088f6        0x2 
 .text._vfprintf_r
                0x080088f8      0x230 /home/federico/st/stm32cubeide_1.15.1/plugins/com.st.stm32cube.ide.mcu.externaltools.gnu-tools-for-stm32.12.3.rel1.linux64_1.1.0.202410170702/tools/bin/../lib/gcc/arm-none-eabi/12.3.1/../../../../arm-none-eabi/lib/thumb/v7e-m+dp/hard/libc_nano.a(libc_a-nano-vfprintf.o)
                0x080088f8                _vfiprintf_r
                0x080088f8                _vfprintf_r
 .text._printf_common
                0x08008b28       0xda /home/federico/st/stm32cubeide_1.15.1/plugins/com.st.stm32cube.ide.mcu.externaltools.gnu-tools-for-stm32.12.3.rel1.linux64_1.1.0.202410170702/tools/bin/../lib/gcc/arm-none-eabi/12.3.1/../../../../arm-none-eabi/lib/thumb/v7e-m+dp/hard/libc_nano.a(libc_a-nano-vfprintf_i.o)
                0x08008b28                _printf_common
 *fill*         0x08008c02        0x2 
 .text._printf_i
                0x08008c04      0x240 /home/federico/st/stm32cubeide_1.15.1/plugins/com.st.stm32cube.ide.mcu.externaltools.gnu-tools-for-stm32.12.3.rel1.linux64_1.1.0.202410170702/tools/bin/../lib/gcc/arm-none-eabi/12.3.1/../../../../arm-none-eabi/lib/thumb/v7e-m+dp/hard/libc_nano.a(libc_a-nano-vfprintf_i.o)
                0x08008c04                _printf_i
 .text.__svfscanf_r
                0x08008e44      0x338 /home/federico/st/stm32cubeide_1.15.1/plugins/com.st.stm32cube.ide.mcu.externaltools.gnu-tools-for-stm32.12.3.rel1.linux64_1.1.0.202410170702/tools/bin/../lib/gcc/arm-none-eabi/12.3.1/../../../../arm-none-eabi/lib/thumb/v7e-m+dp/hard/libc_nano.a(libc_a-nano-vfscanf.o)
                0x08008e44                __svfiscanf_r
                0x08008e44                __svfscanf_r
 .text._vfscanf_r
                0x0800917c       0x26 /home/federico/st/stm32cubeide_1.15.1/plugins/com.st.stm32cube.ide.mcu.externaltools.gnu-tools-for-stm32.12.3.rel1.linux64_1.1.0.202410170702/tools/bin/../lib/gcc/arm-none-eabi/12.3.1/../../../../arm-none-eabi/lib/thumb/v7e-m+dp/hard/libc_nano.a(libc_a-nano-vfscanf.o)
                0x0800917c                _vfiscanf_r
                0x0800917c                _vfscanf_r
 *fill*         0x080091a2        0x2 
 .text._scanf_chars
                0x080091a4       0xb4 /home/federico/st/stm32cubeide_1.15.1/plugins/com.st.stm32cube.ide.mcu.externaltools.gnu-tools-for-stm32.12.3.rel1.linux64_1.1.0.202410170702/tools/bin/../lib/gcc/arm-none-eabi/12.3.1/../../../../arm-none-eabi/lib/thumb/v7e-m+dp/hard/libc_nano.a(libc_a-nano-vfscanf_i.o)
                0x080091a4                _scanf_chars
 .text._scanf_i
                0x08009258      0x1e8 /home/federico/st/stm32cubeide_1.15.1/plugins/com.st.stm32cube.ide.mcu.externaltools.gnu-tools-for-stm32.12.3.rel1.linux64_1.1.0.202410170702/tools/bin/../lib/gcc/arm-none-eabi/12.3.1/../../../../arm-none-eabi/lib/thumb/v7e-m+dp/hard/libc_nano.a(libc_a-nano-vfscanf_i.o)
                0x08009258                _scanf_i
 .text.__swhatbuf_r
                0x08009440       0x4c /home/federico/st/stm32cubeide_1.15.1/plugins/com.st.stm32cube.ide.mcu.externaltools.gnu-tools-for-stm32.12.3.rel1.linux64_1.1.0.202410170702/tools/bin/../lib/gcc/arm-none-eabi/12.3.1/../../../../arm-none-eabi/lib/thumb/v7e-m+dp/hard/libc_nano.a(libc_a-makebuf.o)
                0x08009440                __swhatbuf_r
 .text.__smakebuf_r
                0x0800948c       0x78 /home/federico/st/stm32cubeide_1.15.1/plugins/com.st.stm32cube.ide.mcu.externaltools.gnu-tools-for-stm32.12.3.rel1.linux64_1.1.0.202410170702/tools/bin/../lib/gcc/arm-none-eabi/12.3.1/../../../../arm-none-eabi/lib/thumb/v7e-m+dp/hard/libc_nano.a(libc_a-makebuf.o)
                0x0800948c                __smakebuf_r
 .text.lflush   0x08009504       0x1c /home/federico/st/stm32cubeide_1.15.1/plugins/com.st.stm32cube.ide.mcu.externaltools.gnu-tools-for-stm32.12.3.rel1.linux64_1.1.0.202410170702/tools/bin/../lib/gcc/arm-none-eabi/12.3.1/../../../../arm-none-eabi/lib/thumb/v7e-m+dp/hard/libc_nano.a(libc_a-refill.o)
 .text.__srefill_r
                0x08009520       0xe8 /home/federico/st/stm32cubeide_1.15.1/plugins/com.st.stm32cube.ide.mcu.externaltools.gnu-tools-for-stm32.12.3.rel1.linux64_1.1.0.202410170702/tools/bin/../lib/gcc/arm-none-eabi/12.3.1/../../../../arm-none-eabi/lib/thumb/v7e-m+dp/hard/libc_nano.a(libc_a-refill.o)
                0x08009520                __srefill_r
 .text.__sccl   0x08009608       0x72 /home/federico/st/stm32cubeide_1.15.1/plugins/com.st.stm32cube.ide.mcu.externaltools.gnu-tools-for-stm32.12.3.rel1.linux64_1.1.0.202410170702/tools/bin/../lib/gcc/arm-none-eabi/12.3.1/../../../../arm-none-eabi/lib/thumb/v7e-m+dp/hard/libc_nano.a(libc_a-sccl.o)
                0x08009608                __sccl
 .text.__submore
                0x0800967a       0x74 /home/federico/st/stm32cubeide_1.15.1/plugins/com.st.stm32cube.ide.mcu.externaltools.gnu-tools-for-stm32.12.3.rel1.linux64_1.1.0.202410170702/tools/bin/../lib/gcc/arm-none-eabi/12.3.1/../../../../arm-none-eabi/lib/thumb/v7e-m+dp/hard/libc_nano.a(libc_a-ungetc.o)
                0x0800967a                __submore
 .text._ungetc_r
                0x080096ee       0xfe /home/federico/st/stm32cubeide_1.15.1/plugins/com.st.stm32cube.ide.mcu.externaltools.gnu-tools-for-stm32.12.3.rel1.linux64_1.1.0.202410170702/tools/bin/../lib/gcc/arm-none-eabi/12.3.1/../../../../arm-none-eabi/lib/thumb/v7e-m+dp/hard/libc_nano.a(libc_a-ungetc.o)
                0x080096ee                _ungetc_r
 .text._fstat_r
                0x080097ec       0x24 /home/federico/st/stm32cubeide_1.15.1/plugins/com.st.stm32cube.ide.mcu.externaltools.gnu-tools-for-stm32.12.3.rel1.linux64_1.1.0.202410170702/tools/bin/../lib/gcc/arm-none-eabi/12.3.1/../../../../arm-none-eabi/lib/thumb/v7e-m+dp/hard/libc_nano.a(libc_a-fstatr.o)
                0x080097ec                _fstat_r
 .text._isatty_r
                0x08009810       0x20 /home/federico/st/stm32cubeide_1.15.1/plugins/com.st.stm32cube.ide.mcu.externaltools.gnu-tools-for-stm32.12.3.rel1.linux64_1.1.0.202410170702/tools/bin/../lib/gcc/arm-none-eabi/12.3.1/../../../../arm-none-eabi/lib/thumb/v7e-m+dp/hard/libc_nano.a(libc_a-isattyr.o)
                0x08009810                _isatty_r
 .text._sbrk_r  0x08009830       0x20 /home/federico/st/stm32cubeide_1.15.1/plugins/com.st.stm32cube.ide.mcu.externaltools.gnu-tools-for-stm32.12.3.rel1.linux64_1.1.0.202410170702/tools/bin/../lib/gcc/arm-none-eabi/12.3.1/../../../../arm-none-eabi/lib/thumb/v7e-m+dp/hard/libc_nano.a(libc_a-sbrkr.o)
                0x08009830                _sbrk_r
 .text._realloc_r
                0x08009850       0x5c /home/federico/st/stm32cubeide_1.15.1/plugins/com.st.stm32cube.ide.mcu.externaltools.gnu-tools-for-stm32.12.3.rel1.linux64_1.1.0.202410170702/tools/bin/../lib/gcc/arm-none-eabi/12.3.1/../../../../arm-none-eabi/lib/thumb/v7e-m+dp/hard/libc_nano.a(libc_a-reallocr.o)
                0x08009850                _realloc_r
 .text._strtoul_l.constprop.0
                0x080098ac       0xdc /home/federico/st/stm32cubeide_1.15.1/plugins/com.st.stm32cube.ide.mcu.externaltools.gnu-tools-for-stm32.12.3.rel1.linux64_1.1.0.202410170702/tools/bin/../lib/gcc/arm-none-eabi/12.3.1/../../../../arm-none-eabi/lib/thumb/v7e-m+dp/hard/libc_nano.a(libc_a-strtoul.o)
 .text._strtoul_r
                0x08009988        0x4 /home/federico/st/stm32cubeide_1.15.1/plugins/com.st.stm32cube.ide.mcu.externaltools.gnu-tools-for-stm32.12.3.rel1.linux64_1.1.0.202410170702/tools/bin/../lib/gcc/arm-none-eabi/12.3.1/../../../../arm-none-eabi/lib/thumb/v7e-m+dp/hard/libc_nano.a(libc_a-strtoul.o)
                0x08009988                _strtoul_r
 .text._malloc_usable_size_r
                0x0800998c       0x10 /home/federico/st/stm32cubeide_1.15.1/plugins/com.st.stm32cube.ide.mcu.externaltools.gnu-tools-for-stm32.12.3.rel1.linux64_1.1.0.202410170702/tools/bin/../lib/gcc/arm-none-eabi/12.3.1/../../../../arm-none-eabi/lib/thumb/v7e-m+dp/hard/libc_nano.a(libc_a-msizer.o)
                0x0800998c                _malloc_usable_size_r
 *(.glue_7)
 .glue_7        0x0800999c        0x0 linker stubs
 *(.glue_7t)
 .glue_7t       0x0800999c        0x0 linker stubs
 *(.eh_frame)
 .eh_frame      0x0800999c        0x0 /home/federico/st/stm32cubeide_1.15.1/plugins/com.st.stm32cube.ide.mcu.externaltools.gnu-tools-for-stm32.12.3.rel1.linux64_1.1.0.202410170702/tools/bin/../lib/gcc/arm-none-eabi/12.3.1/thumb/v7e-m+dp/hard/crtbegin.o
 *(.init)
 .init          0x0800999c        0x4 /home/federico/st/stm32cubeide_1.15.1/plugins/com.st.stm32cube.ide.mcu.externaltools.gnu-tools-for-stm32.12.3.rel1.linux64_1.1.0.202410170702/tools/bin/../lib/gcc/arm-none-eabi/12.3.1/thumb/v7e-m+dp/hard/crti.o
                0x0800999c                _init
 .init          0x080099a0        0x8 /home/federico/st/stm32cubeide_1.15.1/plugins/com.st.stm32cube.ide.mcu.externaltools.gnu-tools-for-stm32.12.3.rel1.linux64_1.1.0.202410170702/tools/bin/../lib/gcc/arm-none-eabi/12.3.1/thumb/v7e-m+dp/hard/crtn.o
 *(.fini)
 .fini          0x080099a8        0x4 /home/federico/st/stm32cubeide_1.15.1/plugins/com.st.stm32cube.ide.mcu.externaltools.gnu-tools-for-stm32.12.3.rel1.linux64_1.1.0.202410170702/tools/bin/../lib/gcc/arm-none-eabi/12.3.1/thumb/v7e-m+dp/hard/crti.o
                0x080099a8                _fini
 .fini          0x080099ac        0x8 /home/federico/st/stm32cubeide_1.15.1/plugins/com.st.stm32cube.ide.mcu.externaltools.gnu-tools-for-stm32.12.3.rel1.linux64_1.1.0.202410170702/tools/bin/../lib/gcc/arm-none-eabi/12.3.1/thumb/v7e-m+dp/hard/crtn.o
                0x080099b4                        . = ALIGN (0x4)
                0x080099b4                        _etext = .

.vfp11_veneer   0x080099b4        0x0
 .vfp11_veneer  0x080099b4        0x0 linker stubs

.v4_bx          0x080099b4        0x0
 .v4_bx         0x080099b4        0x0 linker stubs

.iplt           0x080099b4        0x0
 .iplt          0x080099b4        0x0 /home/federico/st/stm32cubeide_1.15.1/plugins/com.st.stm32cube.ide.mcu.externaltools.gnu-tools-for-stm32.12.3.rel1.linux64_1.1.0.202410170702/tools/bin/../lib/gcc/arm-none-eabi/12.3.1/thumb/v7e-m+dp/hard/crtbegin.o

.rodata         0x080099b4      0x4f0
                0x080099b4                        . = ALIGN (0x4)
 *(.rodata)
 .rodata        0x080099b4      0x116 ./Core/Src/can.o
 *fill*         0x08009aca        0x2 
 .rodata        0x08009acc      0x216 ./Core/Src/freertos.o
 *fill*         0x08009ce2        0x2 
 .rodata        0x08009ce4        0x8 ./Core/Src/main.o
 .rodata        0x08009cec        0x5 ./Middlewares/Third_Party/FreeRTOS/Source/tasks.o
 *fill*         0x08009cf1        0x3 
 .rodata        0x08009cf4        0xd ./Middlewares/Third_Party/FreeRTOS/Source/timers.o
 *fill*         0x08009d01        0x3 
 .rodata        0x08009d04        0xc /home/federico/st/stm32cubeide_1.15.1/plugins/com.st.stm32cube.ide.mcu.externaltools.gnu-tools-for-stm32.12.3.rel1.linux64_1.1.0.202410170702/tools/bin/../lib/gcc/arm-none-eabi/12.3.1/../../../../arm-none-eabi/lib/thumb/v7e-m+dp/hard/libc_nano.a(libc_a-nano-vfscanf_i.o)
 *(.rodata*)
 .rodata.defaultTask_attributes
                0x08009d10       0x24 ./Core/Src/freertos.o
                0x08009d10                defaultTask_attributes
 .rodata.AHBPrescTable
                0x08009d34       0x10 ./Core/Src/system_stm32f7xx.o
                0x08009d34                AHBPrescTable
 .rodata.APBPrescTable
                0x08009d44        0x8 ./Core/Src/system_stm32f7xx.o
                0x08009d44                APBPrescTable
 .rodata.flagBitshiftOffset.0
                0x08009d4c        0x8 ./Drivers/STM32F7xx_HAL_Driver/Src/stm32f7xx_hal_dma.o
 .rodata._ctype_
                0x08009d54      0x101 /home/federico/st/stm32cubeide_1.15.1/plugins/com.st.stm32cube.ide.mcu.externaltools.gnu-tools-for-stm32.12.3.rel1.linux64_1.1.0.202410170702/tools/bin/../lib/gcc/arm-none-eabi/12.3.1/../../../../arm-none-eabi/lib/thumb/v7e-m+dp/hard/libc_nano.a(libc_a-ctype_.o)
                0x08009d54                _ctype_
 .rodata._vfprintf_r.str1.1
                0x08009e55       0x11 /home/federico/st/stm32cubeide_1.15.1/plugins/com.st.stm32cube.ide.mcu.externaltools.gnu-tools-for-stm32.12.3.rel1.linux64_1.1.0.202410170702/tools/bin/../lib/gcc/arm-none-eabi/12.3.1/../../../../arm-none-eabi/lib/thumb/v7e-m+dp/hard/libc_nano.a(libc_a-nano-vfprintf.o)
 .rodata._printf_i.str1.1
                0x08009e66       0x22 /home/federico/st/stm32cubeide_1.15.1/plugins/com.st.stm32cube.ide.mcu.externaltools.gnu-tools-for-stm32.12.3.rel1.linux64_1.1.0.202410170702/tools/bin/../lib/gcc/arm-none-eabi/12.3.1/../../../../arm-none-eabi/lib/thumb/v7e-m+dp/hard/libc_nano.a(libc_a-nano-vfprintf_i.o)
 .rodata.__svfscanf_r.str1.1
                0x08009e88        0x4 /home/federico/st/stm32cubeide_1.15.1/plugins/com.st.stm32cube.ide.mcu.externaltools.gnu-tools-for-stm32.12.3.rel1.linux64_1.1.0.202410170702/tools/bin/../lib/gcc/arm-none-eabi/12.3.1/../../../../arm-none-eabi/lib/thumb/v7e-m+dp/hard/libc_nano.a(libc_a-nano-vfscanf.o)
 .rodata._scanf_i.str1.1
                0x08009e88       0x12 /home/federico/st/stm32cubeide_1.15.1/plugins/com.st.stm32cube.ide.mcu.externaltools.gnu-tools-for-stm32.12.3.rel1.linux64_1.1.0.202410170702/tools/bin/../lib/gcc/arm-none-eabi/12.3.1/../../../../arm-none-eabi/lib/thumb/v7e-m+dp/hard/libc_nano.a(libc_a-nano-vfscanf_i.o)
 .rodata.str1.1
                0x08009e9a        0x9 /home/federico/st/stm32cubeide_1.15.1/plugins/com.st.stm32cube.ide.mcu.externaltools.gnu-tools-for-stm32.12.3.rel1.linux64_1.1.0.202410170702/tools/bin/../lib/gcc/arm-none-eabi/12.3.1/../../../../arm-none-eabi/lib/thumb/v7e-m+dp/hard/libc_nano.a(libc_a-nano-vfscanf_i.o)
                0x08009ea4                        . = ALIGN (0x4)
 *fill*         0x08009ea3        0x1 

.ARM.extab      0x08009ea4        0x0
                0x08009ea4                        . = ALIGN (0x4)
 *(.ARM.extab* .gnu.linkonce.armextab.*)
                0x08009ea4                        . = ALIGN (0x4)

.ARM            0x08009ea4        0x8
                0x08009ea4                        . = ALIGN (0x4)
                0x08009ea4                        __exidx_start = .
 *(.ARM.exidx*)
 .ARM.exidx     0x08009ea4        0x8 /home/federico/st/stm32cubeide_1.15.1/plugins/com.st.stm32cube.ide.mcu.externaltools.gnu-tools-for-stm32.12.3.rel1.linux64_1.1.0.202410170702/tools/bin/../lib/gcc/arm-none-eabi/12.3.1/../../../../arm-none-eabi/lib/thumb/v7e-m+dp/hard/libc_nano.a(libc_a-memchr.o)
 .ARM.exidx     0x08009eac        0x0 /home/federico/st/stm32cubeide_1.15.1/plugins/com.st.stm32cube.ide.mcu.externaltools.gnu-tools-for-stm32.12.3.rel1.linux64_1.1.0.202410170702/tools/bin/../lib/gcc/arm-none-eabi/12.3.1/thumb/v7e-m+dp/hard/libgcc.a(_udivmoddi4.o)
                                  0x8 (size before relaxing)
                0x08009eac                        __exidx_end = .
                0x08009eac                        . = ALIGN (0x4)

.preinit_array  0x08009eac        0x0
                0x08009eac                        . = ALIGN (0x4)
                0x08009eac                        PROVIDE (__preinit_array_start = .)
 *(.preinit_array*)
                0x08009eac                        PROVIDE (__preinit_array_end = .)
                0x08009eac                        . = ALIGN (0x4)

.init_array     0x08009eac        0x4
                0x08009eac                        . = ALIGN (0x4)
                0x08009eac                        PROVIDE (__init_array_start = .)
 *(SORT_BY_NAME(.init_array.*))
 *(.init_array*)
 .init_array    0x08009eac        0x4 /home/federico/st/stm32cubeide_1.15.1/plugins/com.st.stm32cube.ide.mcu.externaltools.gnu-tools-for-stm32.12.3.rel1.linux64_1.1.0.202410170702/tools/bin/../lib/gcc/arm-none-eabi/12.3.1/thumb/v7e-m+dp/hard/crtbegin.o
                0x08009eb0                        PROVIDE (__init_array_end = .)
                0x08009eb0                        . = ALIGN (0x4)

.fini_array     0x08009eb0        0x4
                0x08009eb0                        . = ALIGN (0x4)
                [!provide]                        PROVIDE (__fini_array_start = .)
 *(SORT_BY_NAME(.fini_array.*))
 *(.fini_array*)
 .fini_array    0x08009eb0        0x4 /home/federico/st/stm32cubeide_1.15.1/plugins/com.st.stm32cube.ide.mcu.externaltools.gnu-tools-for-stm32.12.3.rel1.linux64_1.1.0.202410170702/tools/bin/../lib/gcc/arm-none-eabi/12.3.1/thumb/v7e-m+dp/hard/crtbegin.o
                [!provide]                        PROVIDE (__fini_array_end = .)
                0x08009eb4                        . = ALIGN (0x4)
                0x08009eb4                        _sidata = LOADADDR (.data)

.rel.dyn        0x08009eb4        0x0
 .rel.iplt      0x08009eb4        0x0 /home/federico/st/stm32cubeide_1.15.1/plugins/com.st.stm32cube.ide.mcu.externaltools.gnu-tools-for-stm32.12.3.rel1.linux64_1.1.0.202410170702/tools/bin/../lib/gcc/arm-none-eabi/12.3.1/thumb/v7e-m+dp/hard/crtbegin.o

.data           0x20000000       0x6c load address 0x08009eb4
                0x20000000                        . = ALIGN (0x4)
                0x20000000                        _sdata = .
 *(.data)
 *(.data*)
 .data.SystemCoreClock
                0x20000000        0x4 ./Core/Src/system_stm32f7xx.o
                0x20000000                SystemCoreClock
 .data.uwTickPrio
                0x20000004        0x4 ./Drivers/STM32F7xx_HAL_Driver/Src/stm32f7xx_hal.o
                0x20000004                uwTickPrio
 .data.uwTickFreq
                0x20000008        0x1 ./Drivers/STM32F7xx_HAL_Driver/Src/stm32f7xx_hal.o
                0x20000008                uwTickFreq
 *fill*         0x20000009        0x3 
 .data.uxCriticalNesting
                0x2000000c        0x4 ./Middlewares/Third_Party/FreeRTOS/Source/portable/GCC/ARM_CM7/r0p1/port.o
 .data.__sglue  0x20000010        0xc /home/federico/st/stm32cubeide_1.15.1/plugins/com.st.stm32cube.ide.mcu.externaltools.gnu-tools-for-stm32.12.3.rel1.linux64_1.1.0.202410170702/tools/bin/../lib/gcc/arm-none-eabi/12.3.1/../../../../arm-none-eabi/lib/thumb/v7e-m+dp/hard/libc_nano.a(libc_a-findfp.o)
                0x20000010                __sglue
 .data._impure_ptr
                0x2000001c        0x4 /home/federico/st/stm32cubeide_1.15.1/plugins/com.st.stm32cube.ide.mcu.externaltools.gnu-tools-for-stm32.12.3.rel1.linux64_1.1.0.202410170702/tools/bin/../lib/gcc/arm-none-eabi/12.3.1/../../../../arm-none-eabi/lib/thumb/v7e-m+dp/hard/libc_nano.a(libc_a-impure.o)
                0x2000001c                _impure_ptr
 .data._impure_data
                0x20000020       0x4c /home/federico/st/stm32cubeide_1.15.1/plugins/com.st.stm32cube.ide.mcu.externaltools.gnu-tools-for-stm32.12.3.rel1.linux64_1.1.0.202410170702/tools/bin/../lib/gcc/arm-none-eabi/12.3.1/../../../../arm-none-eabi/lib/thumb/v7e-m+dp/hard/libc_nano.a(libc_a-impure.o)
                0x20000020                _impure_data
 *(.RamFunc)
 *(.RamFunc*)
                0x2000006c                        . = ALIGN (0x4)
                0x2000006c                        _edata = .

.igot.plt       0x2000006c        0x0 load address 0x08009f20
 .igot.plt      0x2000006c        0x0 /home/federico/st/stm32cubeide_1.15.1/plugins/com.st.stm32cube.ide.mcu.externaltools.gnu-tools-for-stm32.12.3.rel1.linux64_1.1.0.202410170702/tools/bin/../lib/gcc/arm-none-eabi/12.3.1/thumb/v7e-m+dp/hard/crtbegin.o
                0x2000006c                        . = ALIGN (0x4)

.bss            0x2000006c     0x4c78 load address 0x08009f20
                0x2000006c                        _sbss = .
                0x2000006c                        __bss_start__ = _sbss
 *(.bss)
 .bss           0x2000006c       0x1c /home/federico/st/stm32cubeide_1.15.1/plugins/com.st.stm32cube.ide.mcu.externaltools.gnu-tools-for-stm32.12.3.rel1.linux64_1.1.0.202410170702/tools/bin/../lib/gcc/arm-none-eabi/12.3.1/thumb/v7e-m+dp/hard/crtbegin.o
 *(.bss*)
 .bss.hcan1     0x20000088       0x28 ./Core/Src/can.o
                0x20000088                hcan1
 .bss.defaultTaskHandle
                0x200000b0        0x4 ./Core/Src/freertos.o
                0x200000b0                defaultTaskHandle
 .bss.htim1     0x200000b4       0x4c ./Core/Src/stm32f7xx_hal_timebase_tim.o
                0x200000b4                htim1
 .bss.__sbrk_heap_end
                0x20000100        0x4 ./Core/Src/sysmem.o
 .bss.huart3    0x20000104       0x88 ./Core/Src/usart.o
                0x20000104                huart3
 .bss.hdma_usart3_rx
                0x2000018c       0x60 ./Core/Src/usart.o
                0x2000018c                hdma_usart3_rx
 .bss.hdma_usart3_tx
                0x200001ec       0x60 ./Core/Src/usart.o
                0x200001ec                hdma_usart3_tx
 .bss.uwTick    0x2000024c        0x4 ./Drivers/STM32F7xx_HAL_Driver/Src/stm32f7xx_hal.o
                0x2000024c                uwTick
 .bss.KernelState
                0x20000250        0x4 ./Middlewares/Third_Party/FreeRTOS/Source/CMSIS_RTOS_V2/cmsis_os2.o
 .bss.Idle_TCB  0x20000254       0x5c ./Middlewares/Third_Party/FreeRTOS/Source/CMSIS_RTOS_V2/cmsis_os2.o
 .bss.Idle_Stack
                0x200002b0      0x200 ./Middlewares/Third_Party/FreeRTOS/Source/CMSIS_RTOS_V2/cmsis_os2.o
 .bss.Timer_TCB
                0x200004b0       0x5c ./Middlewares/Third_Party/FreeRTOS/Source/CMSIS_RTOS_V2/cmsis_os2.o
 .bss.Timer_Stack
                0x2000050c      0x400 ./Middlewares/Third_Party/FreeRTOS/Source/CMSIS_RTOS_V2/cmsis_os2.o
 .bss.xQueueRegistry
                0x2000090c       0x40 ./Middlewares/Third_Party/FreeRTOS/Source/queue.o
                0x2000090c                xQueueRegistry
 .bss.pxCurrentTCB
                0x2000094c        0x4 ./Middlewares/Third_Party/FreeRTOS/Source/tasks.o
                0x2000094c                pxCurrentTCB
 .bss.pxReadyTasksLists
                0x20000950      0x460 ./Middlewares/Third_Party/FreeRTOS/Source/tasks.o
 .bss.xDelayedTaskList1
                0x20000db0       0x14 ./Middlewares/Third_Party/FreeRTOS/Source/tasks.o
 .bss.xDelayedTaskList2
                0x20000dc4       0x14 ./Middlewares/Third_Party/FreeRTOS/Source/tasks.o
 .bss.pxDelayedTaskList
                0x20000dd8        0x4 ./Middlewares/Third_Party/FreeRTOS/Source/tasks.o
 .bss.pxOverflowDelayedTaskList
                0x20000ddc        0x4 ./Middlewares/Third_Party/FreeRTOS/Source/tasks.o
 .bss.xPendingReadyList
                0x20000de0       0x14 ./Middlewares/Third_Party/FreeRTOS/Source/tasks.o
 .bss.xTasksWaitingTermination
                0x20000df4       0x14 ./Middlewares/Third_Party/FreeRTOS/Source/tasks.o
 .bss.uxDeletedTasksWaitingCleanUp
                0x20000e08        0x4 ./Middlewares/Third_Party/FreeRTOS/Source/tasks.o
 .bss.xSuspendedTaskList
                0x20000e0c       0x14 ./Middlewares/Third_Party/FreeRTOS/Source/tasks.o
 .bss.uxCurrentNumberOfTasks
                0x20000e20        0x4 ./Middlewares/Third_Party/FreeRTOS/Source/tasks.o
 .bss.xTickCount
                0x20000e24        0x4 ./Middlewares/Third_Party/FreeRTOS/Source/tasks.o
 .bss.uxTopReadyPriority
                0x20000e28        0x4 ./Middlewares/Third_Party/FreeRTOS/Source/tasks.o
 .bss.xSchedulerRunning
                0x20000e2c        0x4 ./Middlewares/Third_Party/FreeRTOS/Source/tasks.o
 .bss.uxPendedTicks
                0x20000e30        0x4 ./Middlewares/Third_Party/FreeRTOS/Source/tasks.o
 .bss.xYieldPending
                0x20000e34        0x4 ./Middlewares/Third_Party/FreeRTOS/Source/tasks.o
 .bss.xNumOfOverflows
                0x20000e38        0x4 ./Middlewares/Third_Party/FreeRTOS/Source/tasks.o
 .bss.uxTaskNumber
                0x20000e3c        0x4 ./Middlewares/Third_Party/FreeRTOS/Source/tasks.o
 .bss.xNextTaskUnblockTime
                0x20000e40        0x4 ./Middlewares/Third_Party/FreeRTOS/Source/tasks.o
 .bss.xIdleTaskHandle
                0x20000e44        0x4 ./Middlewares/Third_Party/FreeRTOS/Source/tasks.o
 .bss.uxSchedulerSuspended
                0x20000e48        0x4 ./Middlewares/Third_Party/FreeRTOS/Source/tasks.o
 .bss.xActiveTimerList1
                0x20000e4c       0x14 ./Middlewares/Third_Party/FreeRTOS/Source/timers.o
 .bss.xActiveTimerList2
                0x20000e60       0x14 ./Middlewares/Third_Party/FreeRTOS/Source/timers.o
 .bss.pxCurrentTimerList
                0x20000e74        0x4 ./Middlewares/Third_Party/FreeRTOS/Source/timers.o
 .bss.pxOverflowTimerList
                0x20000e78        0x4 ./Middlewares/Third_Party/FreeRTOS/Source/timers.o
 .bss.xTimerQueue
                0x20000e7c        0x4 ./Middlewares/Third_Party/FreeRTOS/Source/timers.o
 .bss.xTimerTaskHandle
                0x20000e80        0x4 ./Middlewares/Third_Party/FreeRTOS/Source/timers.o
 .bss.xLastTime.2
                0x20000e84        0x4 ./Middlewares/Third_Party/FreeRTOS/Source/timers.o
 .bss.ucStaticTimerQueueStorage.1
                0x20000e88       0xa0 ./Middlewares/Third_Party/FreeRTOS/Source/timers.o
 .bss.xStaticTimerQueue.0
                0x20000f28       0x50 ./Middlewares/Third_Party/FreeRTOS/Source/timers.o
 .bss.ucMaxSysCallPriority
                0x20000f78        0x1 ./Middlewares/Third_Party/FreeRTOS/Source/portable/GCC/ARM_CM7/r0p1/port.o
 *fill*         0x20000f79        0x3 
 .bss.ulMaxPRIGROUPValue
                0x20000f7c        0x4 ./Middlewares/Third_Party/FreeRTOS/Source/portable/GCC/ARM_CM7/r0p1/port.o
 .bss.ucHeap    0x20000f80     0x3c00 ./Middlewares/Third_Party/FreeRTOS/Source/portable/MemMang/heap_4.o
 .bss.xStart    0x20004b80        0x8 ./Middlewares/Third_Party/FreeRTOS/Source/portable/MemMang/heap_4.o
 .bss.pxEnd     0x20004b88        0x4 ./Middlewares/Third_Party/FreeRTOS/Source/portable/MemMang/heap_4.o
 .bss.xFreeBytesRemaining
                0x20004b8c        0x4 ./Middlewares/Third_Party/FreeRTOS/Source/portable/MemMang/heap_4.o
 .bss.xMinimumEverFreeBytesRemaining
                0x20004b90        0x4 ./Middlewares/Third_Party/FreeRTOS/Source/portable/MemMang/heap_4.o
 .bss.xBlockAllocatedBit
                0x20004b94        0x4 ./Middlewares/Third_Party/FreeRTOS/Source/portable/MemMang/heap_4.o
 .bss.__sf      0x20004b98      0x138 /home/federico/st/stm32cubeide_1.15.1/plugins/com.st.stm32cube.ide.mcu.externaltools.gnu-tools-for-stm32.12.3.rel1.linux64_1.1.0.202410170702/tools/bin/../lib/gcc/arm-none-eabi/12.3.1/../../../../arm-none-eabi/lib/thumb/v7e-m+dp/hard/libc_nano.a(libc_a-findfp.o)
                0x20004b98                __sf
 .bss.__stdio_exit_handler
                0x20004cd0        0x4 /home/federico/st/stm32cubeide_1.15.1/plugins/com.st.stm32cube.ide.mcu.externaltools.gnu-tools-for-stm32.12.3.rel1.linux64_1.1.0.202410170702/tools/bin/../lib/gcc/arm-none-eabi/12.3.1/../../../../arm-none-eabi/lib/thumb/v7e-m+dp/hard/libc_nano.a(libc_a-findfp.o)
                0x20004cd0                __stdio_exit_handler
 .bss.errno     0x20004cd4        0x4 /home/federico/st/stm32cubeide_1.15.1/plugins/com.st.stm32cube.ide.mcu.externaltools.gnu-tools-for-stm32.12.3.rel1.linux64_1.1.0.202410170702/tools/bin/../lib/gcc/arm-none-eabi/12.3.1/../../../../arm-none-eabi/lib/thumb/v7e-m+dp/hard/libc_nano.a(libc_a-reent.o)
                0x20004cd4                errno
 .bss.__lock___malloc_recursive_mutex
                0x20004cd8        0x1 /home/federico/st/stm32cubeide_1.15.1/plugins/com.st.stm32cube.ide.mcu.externaltools.gnu-tools-for-stm32.12.3.rel1.linux64_1.1.0.202410170702/tools/bin/../lib/gcc/arm-none-eabi/12.3.1/../../../../arm-none-eabi/lib/thumb/v7e-m+dp/hard/libc_nano.a(libc_a-lock.o)
                0x20004cd8                __lock___malloc_recursive_mutex
 .bss.__lock___sfp_recursive_mutex
                0x20004cd9        0x1 /home/federico/st/stm32cubeide_1.15.1/plugins/com.st.stm32cube.ide.mcu.externaltools.gnu-tools-for-stm32.12.3.rel1.linux64_1.1.0.202410170702/tools/bin/../lib/gcc/arm-none-eabi/12.3.1/../../../../arm-none-eabi/lib/thumb/v7e-m+dp/hard/libc_nano.a(libc_a-lock.o)
                0x20004cd9                __lock___sfp_recursive_mutex
 *fill*         0x20004cda        0x2 
 .bss.__malloc_sbrk_start
                0x20004cdc        0x4 /home/federico/st/stm32cubeide_1.15.1/plugins/com.st.stm32cube.ide.mcu.externaltools.gnu-tools-for-stm32.12.3.rel1.linux64_1.1.0.202410170702/tools/bin/../lib/gcc/arm-none-eabi/12.3.1/../../../../arm-none-eabi/lib/thumb/v7e-m+dp/hard/libc_nano.a(libc_a-mallocr.o)
                0x20004cdc                __malloc_sbrk_start
 .bss.__malloc_free_list
                0x20004ce0        0x4 /home/federico/st/stm32cubeide_1.15.1/plugins/com.st.stm32cube.ide.mcu.externaltools.gnu-tools-for-stm32.12.3.rel1.linux64_1.1.0.202410170702/tools/bin/../lib/gcc/arm-none-eabi/12.3.1/../../../../arm-none-eabi/lib/thumb/v7e-m+dp/hard/libc_nano.a(libc_a-mallocr.o)
                0x20004ce0                __malloc_free_list
 *(COMMON)
                0x20004ce4                        . = ALIGN (0x4)
                0x20004ce4                        _ebss = .
                0x20004ce4                        __bss_end__ = _ebss

._user_heap_stack
                0x20004ce4      0x604 load address 0x08009f20
                0x20004ce8                        . = ALIGN (0x8)
 *fill*         0x20004ce4        0x4 
                [!provide]                        PROVIDE (end = .)
                0x20004ce8                        PROVIDE (_end = .)
                0x20004ee8                        . = (. + _Min_Heap_Size)
 *fill*         0x20004ce8      0x200 
                0x200052e8                        . = (. + _Min_Stack_Size)
 *fill*         0x20004ee8      0x400 
                0x200052e8                        . = ALIGN (0x8)

/DISCARD/
 libc.a(*)
 libm.a(*)
 libgcc.a(*)

.ARM.attributes
                0x00000000       0x2e
 *(.ARM.attributes)
 .ARM.attributes
                0x00000000       0x20 /home/federico/st/stm32cubeide_1.15.1/plugins/com.st.stm32cube.ide.mcu.externaltools.gnu-tools-for-stm32.12.3.rel1.linux64_1.1.0.202410170702/tools/bin/../lib/gcc/arm-none-eabi/12.3.1/thumb/v7e-m+dp/hard/crti.o
 .ARM.attributes
                0x00000020       0x32 /home/federico/st/stm32cubeide_1.15.1/plugins/com.st.stm32cube.ide.mcu.externaltools.gnu-tools-for-stm32.12.3.rel1.linux64_1.1.0.202410170702/tools/bin/../lib/gcc/arm-none-eabi/12.3.1/thumb/v7e-m+dp/hard/crtbegin.o
 .ARM.attributes
                0x00000052       0x32 ./Core/Src/can.o
 .ARM.attributes
                0x00000084       0x32 ./Core/Src/dma.o
 .ARM.attributes
                0x000000b6       0x32 ./Core/Src/freertos.o
 .ARM.attributes
                0x000000e8       0x32 ./Core/Src/gpio.o
 .ARM.attributes
                0x0000011a       0x32 ./Core/Src/main.o
 .ARM.attributes
                0x0000014c       0x32 ./Core/Src/stm32f7xx_hal_msp.o
 .ARM.attributes
                0x0000017e       0x32 ./Core/Src/stm32f7xx_hal_timebase_tim.o
 .ARM.attributes
                0x000001b0       0x32 ./Core/Src/stm32f7xx_it.o
 .ARM.attributes
                0x000001e2       0x32 ./Core/Src/syscalls.o
 .ARM.attributes
                0x00000214       0x32 ./Core/Src/sysmem.o
 .ARM.attributes
                0x00000246       0x32 ./Core/Src/system_stm32f7xx.o
 .ARM.attributes
                0x00000278       0x32 ./Core/Src/usart.o
 .ARM.attributes
                0x000002aa       0x21 ./Core/Startup/startup_stm32f767zitx.o
 .ARM.attributes
                0x000002cb       0x32 ./Drivers/STM32F7xx_HAL_Driver/Src/stm32f7xx_hal.o
 .ARM.attributes
                0x000002fd       0x32 ./Drivers/STM32F7xx_HAL_Driver/Src/stm32f7xx_hal_can.o
 .ARM.attributes
                0x0000032f       0x32 ./Drivers/STM32F7xx_HAL_Driver/Src/stm32f7xx_hal_cortex.o
 .ARM.attributes
                0x00000361       0x32 ./Drivers/STM32F7xx_HAL_Driver/Src/stm32f7xx_hal_dma.o
 .ARM.attributes
                0x00000393       0x32 ./Drivers/STM32F7xx_HAL_Driver/Src/stm32f7xx_hal_gpio.o
 .ARM.attributes
                0x000003c5       0x32 ./Drivers/STM32F7xx_HAL_Driver/Src/stm32f7xx_hal_pwr_ex.o
 .ARM.attributes
                0x000003f7       0x32 ./Drivers/STM32F7xx_HAL_Driver/Src/stm32f7xx_hal_rcc.o
 .ARM.attributes
                0x00000429       0x32 ./Drivers/STM32F7xx_HAL_Driver/Src/stm32f7xx_hal_rcc_ex.o
 .ARM.attributes
                0x0000045b       0x32 ./Drivers/STM32F7xx_HAL_Driver/Src/stm32f7xx_hal_tim.o
 .ARM.attributes
                0x0000048d       0x32 ./Drivers/STM32F7xx_HAL_Driver/Src/stm32f7xx_hal_tim_ex.o
 .ARM.attributes
                0x000004bf       0x32 ./Drivers/STM32F7xx_HAL_Driver/Src/stm32f7xx_hal_uart.o
 .ARM.attributes
                0x000004f1       0x32 ./Middlewares/Third_Party/FreeRTOS/Source/CMSIS_RTOS_V2/cmsis_os2.o
 .ARM.attributes
                0x00000523       0x32 ./Middlewares/Third_Party/FreeRTOS/Source/list.o
 .ARM.attributes
                0x00000555       0x32 ./Middlewares/Third_Party/FreeRTOS/Source/queue.o
 .ARM.attributes
                0x00000587       0x32 ./Middlewares/Third_Party/FreeRTOS/Source/tasks.o
 .ARM.attributes
                0x000005b9       0x32 ./Middlewares/Third_Party/FreeRTOS/Source/timers.o
 .ARM.attributes
                0x000005eb       0x32 ./Middlewares/Third_Party/FreeRTOS/Source/portable/GCC/ARM_CM7/r0p1/port.o
 .ARM.attributes
                0x0000061d       0x32 ./Middlewares/Third_Party/FreeRTOS/Source/portable/MemMang/heap_4.o
 .ARM.attributes
                0x0000064f       0x32 /home/federico/st/stm32cubeide_1.15.1/plugins/com.st.stm32cube.ide.mcu.externaltools.gnu-tools-for-stm32.12.3.rel1.linux64_1.1.0.202410170702/tools/bin/../lib/gcc/arm-none-eabi/12.3.1/../../../../arm-none-eabi/lib/thumb/v7e-m+dp/hard/libc_nano.a(libc_a-strtol.o)
 .ARM.attributes
                0x00000681       0x32 /home/federico/st/stm32cubeide_1.15.1/plugins/com.st.stm32cube.ide.mcu.externaltools.gnu-tools-for-stm32.12.3.rel1.linux64_1.1.0.202410170702/tools/bin/../lib/gcc/arm-none-eabi/12.3.1/../../../../arm-none-eabi/lib/thumb/v7e-m+dp/hard/libc_nano.a(libc_a-ctype_.o)
 .ARM.attributes
                0x000006b3       0x32 /home/federico/st/stm32cubeide_1.15.1/plugins/com.st.stm32cube.ide.mcu.externaltools.gnu-tools-for-stm32.12.3.rel1.linux64_1.1.0.202410170702/tools/bin/../lib/gcc/arm-none-eabi/12.3.1/../../../../arm-none-eabi/lib/thumb/v7e-m+dp/hard/libc_nano.a(libc_a-fflush.o)
 .ARM.attributes
                0x000006e5       0x32 /home/federico/st/stm32cubeide_1.15.1/plugins/com.st.stm32cube.ide.mcu.externaltools.gnu-tools-for-stm32.12.3.rel1.linux64_1.1.0.202410170702/tools/bin/../lib/gcc/arm-none-eabi/12.3.1/../../../../arm-none-eabi/lib/thumb/v7e-m+dp/hard/libc_nano.a(libc_a-findfp.o)
 .ARM.attributes