../Core/Src/syscalls.c:70:6:initialise_monitor_handles	4	static
../Core/Src/syscalls.c:74:5:_getpid	4	static
../Core/Src/syscalls.c:79:5:_kill	16	static
/home/federico/st/stm32cubeide_1.15.1/plugins/com.st.stm32cube.ide.mcu.externaltools.gnu-tools-for-stm32.12.3.rel1.linux64_1.1.0.202410170702/tools/arm-none-eabi/include/sys/unistd.h:18:6:_exit	16	static
../Core/Src/syscalls.c:121:5:_write	24	static
../Core/Src/syscalls.c:141:5:_read	40	static
../Core/Src/syscalls.c:204:5:_close	16	static
../Core/Src/syscalls.c:210:5:_fstat	16	static
../Core/Src/syscalls.c:217:5:_isatty	16	static
../Core/Src/syscalls.c:223:5:_lseek	24	static
../Core/Src/syscalls.c:231:5:_open	12	static
../Core/Src/syscalls.c:239:5:_wait	16	static
../Core/Src/syscalls.c:246:5:_unlink	16	static
../Core/Src/syscalls.c:253:5:_times	16	static
../Core/Src/syscalls.c:259:5:_stat	16	static
../Core/Src/syscalls.c:266:5:_link	16	static
../Core/Src/syscalls.c:274:5:_fork	8	static
../Core/Src/syscalls.c:280:5:_execve	24	static
